[2026-04-20T21:52:07.603+0000] {taskinstance.py:1956} INFO - Dependencies all met for dep_context=non-requeueable deps ti=<TaskInstance: logidata_pipeline_dag.run_glue_dimensions manual__2026-04-20T21:47:54.920885+00:00 [queued]>
[2026-04-20T21:52:07.618+0000] {taskinstance.py:1956} INFO - Dependencies all met for dep_context=requeueable deps ti=<TaskInstance: logidata_pipeline_dag.run_glue_dimensions manual__2026-04-20T21:47:54.920885+00:00 [queued]>
[2026-04-20T21:52:07.619+0000] {taskinstance.py:2170} INFO - Starting attempt 1 of 1
[2026-04-20T21:52:07.691+0000] {taskinstance.py:2191} INFO - Executing <Task(PythonOperator): run_glue_dimensions> on 2026-04-20 21:47:54.920885+00:00
[2026-04-20T21:52:07.696+0000] {standard_task_runner.py:60} INFO - Started process 859 to run task
[2026-04-20T21:52:07.700+0000] {standard_task_runner.py:87} INFO - Running: ['airflow', 'tasks', 'run', 'logidata_pipeline_dag', 'run_glue_dimensions', 'manual__2026-04-20T21:47:54.920885+00:00', '--job-id', '35', '--raw', '--subdir', 'DAGS_FOLDER/logidata_pipeline_dag.py', '--cfg-path', '/tmp/tmpt9nor4z1']
[2026-04-20T21:52:07.703+0000] {standard_task_runner.py:88} INFO - Job 35: Subtask run_glue_dimensions
[2026-04-20T21:52:07.911+0000] {task_command.py:423} INFO - Running <TaskInstance: logidata_pipeline_dag.run_glue_dimensions manual__2026-04-20T21:47:54.920885+00:00 [running]> on host 8ba55271cc99
[2026-04-20T21:52:08.110+0000] {taskinstance.py:2480} INFO - Exporting env vars: AIRFLOW_CTX_DAG_OWNER='airflow' AIRFLOW_CTX_DAG_ID='logidata_pipeline_dag' AIRFLOW_CTX_TASK_ID='run_glue_dimensions' AIRFLOW_CTX_EXECUTION_DATE='2026-04-20T21:47:54.920885+00:00' AIRFLOW_CTX_TRY_NUMBER='1' AIRFLOW_CTX_DAG_RUN_ID='manual__2026-04-20T21:47:54.920885+00:00'
[2026-04-20T21:52:08.149+0000] {credentials.py:1278} INFO - Found credentials in shared credentials file: /home/airflow/.aws/credentials
[2026-04-20T21:52:08.678+0000] {logging_mixin.py:188} INFO - Iniciado Glue job dimensions-job con run_id=jr_42cab3b648edbe5e285457c0a28144949a5c410a9ef982fe78fc0c6a50ab996e
[2026-04-20T21:52:08.679+0000] {logging_mixin.py:188} INFO - Argumentos: {'--RAW_DB': 'logidata_raw', '--CURATED_BUCKET': 'ejrp-g01-curated-ejrp'}
[2026-04-20T21:52:08.933+0000] {logging_mixin.py:188} INFO - dimensions-job -> RUNNING
[2026-04-20T21:52:30.078+0000] {logging_mixin.py:188} INFO - dimensions-job -> RUNNING
[2026-04-20T21:52:50.235+0000] {logging_mixin.py:188} INFO - dimensions-job -> RUNNING
[2026-04-20T21:53:11.182+0000] {logging_mixin.py:188} INFO - dimensions-job -> RUNNING
[2026-04-20T21:53:34.055+0000] {logging_mixin.py:188} INFO - dimensions-job -> RUNNING
[2026-04-20T21:53:54.177+0000] {logging_mixin.py:188} INFO - dimensions-job -> SUCCEEDED
[2026-04-20T21:53:54.183+0000] {python.py:201} INFO - Done. Returned value was: None
[2026-04-20T21:53:54.224+0000] {taskinstance.py:1138} INFO - Marking task as SUCCESS. dag_id=logidata_pipeline_dag, task_id=run_glue_dimensions, execution_date=20260420T214754, start_date=20260420T215207, end_date=20260420T215354
[2026-04-20T21:53:54.314+0000] {local_task_job_runner.py:234} INFO - Task exited with return code 0
[2026-04-20T21:53:54.385+0000] {taskinstance.py:3280} INFO - 1 downstream tasks scheduled from follow-on schedule check
