[2026-04-20T22:09:13.368+0000] {taskinstance.py:1956} INFO - Dependencies all met for dep_context=non-requeueable deps ti=<TaskInstance: logidata_pipeline_dag.run_glue_pedidos_curated manual__2026-04-20T22:09:04.731129+00:00 [queued]>
[2026-04-20T22:09:13.382+0000] {taskinstance.py:1956} INFO - Dependencies all met for dep_context=requeueable deps ti=<TaskInstance: logidata_pipeline_dag.run_glue_pedidos_curated manual__2026-04-20T22:09:04.731129+00:00 [queued]>
[2026-04-20T22:09:13.383+0000] {taskinstance.py:2170} INFO - Starting attempt 1 of 1
[2026-04-20T22:09:13.440+0000] {taskinstance.py:2191} INFO - Executing <Task(PythonOperator): run_glue_pedidos_curated> on 2026-04-20 22:09:04.731129+00:00
[2026-04-20T22:09:13.446+0000] {standard_task_runner.py:60} INFO - Started process 949 to run task
[2026-04-20T22:09:13.451+0000] {standard_task_runner.py:87} INFO - Running: ['airflow', 'tasks', 'run', 'logidata_pipeline_dag', 'run_glue_pedidos_curated', 'manual__2026-04-20T22:09:04.731129+00:00', '--job-id', '41', '--raw', '--subdir', 'DAGS_FOLDER/logidata_pipeline_dag.py', '--cfg-path', '/tmp/tmpsu5r4be4']
[2026-04-20T22:09:13.454+0000] {standard_task_runner.py:88} INFO - Job 41: Subtask run_glue_pedidos_curated
[2026-04-20T22:09:13.547+0000] {task_command.py:423} INFO - Running <TaskInstance: logidata_pipeline_dag.run_glue_pedidos_curated manual__2026-04-20T22:09:04.731129+00:00 [running]> on host 8ba55271cc99
[2026-04-20T22:09:13.678+0000] {taskinstance.py:2480} INFO - Exporting env vars: AIRFLOW_CTX_DAG_OWNER='airflow' AIRFLOW_CTX_DAG_ID='logidata_pipeline_dag' AIRFLOW_CTX_TASK_ID='run_glue_pedidos_curated' AIRFLOW_CTX_EXECUTION_DATE='2026-04-20T22:09:04.731129+00:00' AIRFLOW_CTX_TRY_NUMBER='1' AIRFLOW_CTX_DAG_RUN_ID='manual__2026-04-20T22:09:04.731129+00:00'
[2026-04-20T22:09:13.704+0000] {credentials.py:1278} INFO - Found credentials in shared credentials file: /home/airflow/.aws/credentials
[2026-04-20T22:09:14.214+0000] {logging_mixin.py:188} INFO - Iniciado Glue job pedidos-curated-job con run_id=jr_46a83c156500d622707fb02ffa4077040dd5351312e259dc457281229012098f
[2026-04-20T22:09:14.215+0000] {logging_mixin.py:188} INFO - Argumentos: {'--RAW_DB': 'logidata_raw', '--CURATED_BUCKET': 'ejrp-g01-curated-ejrp', '--force_refresh': 'true'}
[2026-04-20T22:09:14.332+0000] {logging_mixin.py:188} INFO - pedidos-curated-job -> RUNNING
[2026-04-20T22:09:37.260+0000] {logging_mixin.py:188} INFO - pedidos-curated-job -> RUNNING
[2026-04-20T22:09:58.080+0000] {logging_mixin.py:188} INFO - pedidos-curated-job -> RUNNING
[2026-04-20T22:10:18.259+0000] {logging_mixin.py:188} INFO - pedidos-curated-job -> RUNNING
[2026-04-20T22:10:38.951+0000] {logging_mixin.py:188} INFO - pedidos-curated-job -> RUNNING
[2026-04-20T22:11:00.100+0000] {logging_mixin.py:188} INFO - pedidos-curated-job -> FAILED
[2026-04-20T22:11:00.139+0000] {taskinstance.py:2698} ERROR - Task failed with exception
Traceback (most recent call last):
  File "/home/airflow/.local/lib/python3.8/site-packages/airflow/models/taskinstance.py", line 433, in _execute_task
    result = execute_callable(context=context, **execute_callable_kwargs)
  File "/home/airflow/.local/lib/python3.8/site-packages/airflow/operators/python.py", line 199, in execute
    return_value = self.execute_callable()
  File "/home/airflow/.local/lib/python3.8/site-packages/airflow/operators/python.py", line 216, in execute_callable
    return self.python_callable(*self.op_args, **self.op_kwargs)
  File "/opt/airflow/dags/logidata_pipeline_dag.py", line 67, in run_glue_pedidos
    run_glue(
  File "/opt/airflow/dags/logidata_pipeline_dag.py", line 61, in run_glue
    raise AirflowException(f"{job_name} falló: {error_message}")
airflow.exceptions.AirflowException: pedidos-curated-job falló: Exception: Schema inválido en raw_local_pedidos. Columnas faltantes: ['estado']
[2026-04-20T22:11:00.164+0000] {taskinstance.py:1138} INFO - Marking task as FAILED. dag_id=logidata_pipeline_dag, task_id=run_glue_pedidos_curated, execution_date=20260420T220904, start_date=20260420T220913, end_date=20260420T221100
[2026-04-20T22:11:00.226+0000] {standard_task_runner.py:107} ERROR - Failed to execute job 41 for task run_glue_pedidos_curated (pedidos-curated-job falló: Exception: Schema inválido en raw_local_pedidos. Columnas faltantes: ['estado']; 949)
[2026-04-20T22:11:00.271+0000] {local_task_job_runner.py:234} INFO - Task exited with return code 1
[2026-04-20T22:11:00.304+0000] {taskinstance.py:3280} INFO - 0 downstream tasks scheduled from follow-on schedule check
