[2026-04-20T21:48:02.440+0000] {taskinstance.py:1956} INFO - Dependencies all met for dep_context=non-requeueable deps ti=<TaskInstance: logidata_pipeline_dag.run_glue_pedidos_curated manual__2026-04-20T21:47:54.920885+00:00 [queued]>
[2026-04-20T21:48:02.463+0000] {taskinstance.py:1956} INFO - Dependencies all met for dep_context=requeueable deps ti=<TaskInstance: logidata_pipeline_dag.run_glue_pedidos_curated manual__2026-04-20T21:47:54.920885+00:00 [queued]>
[2026-04-20T21:48:02.464+0000] {taskinstance.py:2170} INFO - Starting attempt 1 of 1
[2026-04-20T21:48:02.513+0000] {taskinstance.py:2191} INFO - Executing <Task(PythonOperator): run_glue_pedidos_curated> on 2026-04-20 21:47:54.920885+00:00
[2026-04-20T21:48:02.517+0000] {standard_task_runner.py:60} INFO - Started process 837 to run task
[2026-04-20T21:48:02.522+0000] {standard_task_runner.py:87} INFO - Running: ['airflow', 'tasks', 'run', 'logidata_pipeline_dag', 'run_glue_pedidos_curated', 'manual__2026-04-20T21:47:54.920885+00:00', '--job-id', '33', '--raw', '--subdir', 'DAGS_FOLDER/logidata_pipeline_dag.py', '--cfg-path', '/tmp/tmpi6ln0qyj']
[2026-04-20T21:48:02.524+0000] {standard_task_runner.py:88} INFO - Job 33: Subtask run_glue_pedidos_curated
[2026-04-20T21:48:02.630+0000] {task_command.py:423} INFO - Running <TaskInstance: logidata_pipeline_dag.run_glue_pedidos_curated manual__2026-04-20T21:47:54.920885+00:00 [running]> on host 8ba55271cc99
[2026-04-20T21:48:02.769+0000] {taskinstance.py:2480} INFO - Exporting env vars: AIRFLOW_CTX_DAG_OWNER='airflow' AIRFLOW_CTX_DAG_ID='logidata_pipeline_dag' AIRFLOW_CTX_TASK_ID='run_glue_pedidos_curated' AIRFLOW_CTX_EXECUTION_DATE='2026-04-20T21:47:54.920885+00:00' AIRFLOW_CTX_TRY_NUMBER='1' AIRFLOW_CTX_DAG_RUN_ID='manual__2026-04-20T21:47:54.920885+00:00'
[2026-04-20T21:48:02.799+0000] {credentials.py:1278} INFO - Found credentials in shared credentials file: /home/airflow/.aws/credentials
[2026-04-20T21:48:03.368+0000] {logging_mixin.py:188} INFO - Iniciado Glue job pedidos-curated-job con run_id=jr_26a03a62e4e0d6c2d14191f7d8b9f35ba1da17ef3084910c49c8ce6b68766a2b
[2026-04-20T21:48:03.370+0000] {logging_mixin.py:188} INFO - Argumentos: {'--RAW_DB': 'logidata_raw', '--CURATED_BUCKET': 'ejrp-g01-curated-ejrp', '--force_refresh': 'true'}
[2026-04-20T21:48:03.488+0000] {logging_mixin.py:188} INFO - pedidos-curated-job -> RUNNING
[2026-04-20T21:48:26.368+0000] {logging_mixin.py:188} INFO - pedidos-curated-job -> RUNNING
[2026-04-20T21:48:49.277+0000] {logging_mixin.py:188} INFO - pedidos-curated-job -> RUNNING
[2026-04-20T21:49:09.461+0000] {logging_mixin.py:188} INFO - pedidos-curated-job -> RUNNING
[2026-04-20T21:49:30.270+0000] {logging_mixin.py:188} INFO - pedidos-curated-job -> RUNNING
[2026-04-20T21:49:51.656+0000] {logging_mixin.py:188} INFO - pedidos-curated-job -> RUNNING
[2026-04-20T21:50:11.779+0000] {logging_mixin.py:188} INFO - pedidos-curated-job -> SUCCEEDED
[2026-04-20T21:50:11.781+0000] {python.py:201} INFO - Done. Returned value was: None
[2026-04-20T21:50:11.796+0000] {taskinstance.py:1138} INFO - Marking task as SUCCESS. dag_id=logidata_pipeline_dag, task_id=run_glue_pedidos_curated, execution_date=20260420T214754, start_date=20260420T214802, end_date=20260420T215011
[2026-04-20T21:50:11.873+0000] {local_task_job_runner.py:234} INFO - Task exited with return code 0
[2026-04-20T21:50:11.899+0000] {taskinstance.py:3280} INFO - 0 downstream tasks scheduled from follow-on schedule check
