[2026-04-20T21:53:57.843+0000] {taskinstance.py:1956} INFO - Dependencies all met for dep_context=non-requeueable deps ti=<TaskInstance: logidata_pipeline_dag.run_curated_crawler manual__2026-04-20T21:47:54.920885+00:00 [queued]>
[2026-04-20T21:53:57.856+0000] {taskinstance.py:1956} INFO - Dependencies all met for dep_context=requeueable deps ti=<TaskInstance: logidata_pipeline_dag.run_curated_crawler manual__2026-04-20T21:47:54.920885+00:00 [queued]>
[2026-04-20T21:53:57.856+0000] {taskinstance.py:2170} INFO - Starting attempt 1 of 1
[2026-04-20T21:53:57.898+0000] {taskinstance.py:2191} INFO - Executing <Task(PythonOperator): run_curated_crawler> on 2026-04-20 21:47:54.920885+00:00
[2026-04-20T21:53:57.903+0000] {standard_task_runner.py:60} INFO - Started process 871 to run task
[2026-04-20T21:53:57.909+0000] {standard_task_runner.py:87} INFO - Running: ['airflow', 'tasks', 'run', 'logidata_pipeline_dag', 'run_curated_crawler', 'manual__2026-04-20T21:47:54.920885+00:00', '--job-id', '36', '--raw', '--subdir', 'DAGS_FOLDER/logidata_pipeline_dag.py', '--cfg-path', '/tmp/tmpxti09x4z']
[2026-04-20T21:53:57.912+0000] {standard_task_runner.py:88} INFO - Job 36: Subtask run_curated_crawler
[2026-04-20T21:53:58.021+0000] {task_command.py:423} INFO - Running <TaskInstance: logidata_pipeline_dag.run_curated_crawler manual__2026-04-20T21:47:54.920885+00:00 [running]> on host 8ba55271cc99
[2026-04-20T21:53:58.166+0000] {taskinstance.py:2480} INFO - Exporting env vars: AIRFLOW_CTX_DAG_OWNER='airflow' AIRFLOW_CTX_DAG_ID='logidata_pipeline_dag' AIRFLOW_CTX_TASK_ID='run_curated_crawler' AIRFLOW_CTX_EXECUTION_DATE='2026-04-20T21:47:54.920885+00:00' AIRFLOW_CTX_TRY_NUMBER='1' AIRFLOW_CTX_DAG_RUN_ID='manual__2026-04-20T21:47:54.920885+00:00'
[2026-04-20T21:53:58.188+0000] {credentials.py:1278} INFO - Found credentials in shared credentials file: /home/airflow/.aws/credentials
[2026-04-20T21:53:58.940+0000] {logging_mixin.py:188} INFO - Crawler crawler-curated-ejrp iniciado
[2026-04-20T21:53:59.069+0000] {logging_mixin.py:188} INFO - Crawler state: RUNNING
[2026-04-20T21:54:16.941+0000] {logging_mixin.py:188} INFO - Crawler state: RUNNING
[2026-04-20T21:54:32.089+0000] {logging_mixin.py:188} INFO - Crawler state: RUNNING
[2026-04-20T21:54:49.977+0000] {logging_mixin.py:188} INFO - Crawler state: RUNNING
[2026-04-20T21:55:05.117+0000] {logging_mixin.py:188} INFO - Crawler state: READY
[2026-04-20T21:55:05.118+0000] {logging_mixin.py:188} INFO - Last crawl status: SUCCEEDED
[2026-04-20T21:55:05.120+0000] {python.py:201} INFO - Done. Returned value was: None
[2026-04-20T21:55:05.135+0000] {taskinstance.py:1138} INFO - Marking task as SUCCESS. dag_id=logidata_pipeline_dag, task_id=run_curated_crawler, execution_date=20260420T214754, start_date=20260420T215357, end_date=20260420T215505
[2026-04-20T21:55:05.218+0000] {local_task_job_runner.py:234} INFO - Task exited with return code 0
[2026-04-20T21:55:05.318+0000] {taskinstance.py:3280} INFO - 1 downstream tasks scheduled from follow-on schedule check
