[2026-04-20T17:08:07.780+0000] {taskinstance.py:1956} INFO - Dependencies all met for dep_context=non-requeueable deps ti=<TaskInstance: logidata_pipeline_dag.run_glue_pedidos_curated manual__2026-04-20T17:07:58.370539+00:00 [queued]>
[2026-04-20T17:08:07.800+0000] {taskinstance.py:1956} INFO - Dependencies all met for dep_context=requeueable deps ti=<TaskInstance: logidata_pipeline_dag.run_glue_pedidos_curated manual__2026-04-20T17:07:58.370539+00:00 [queued]>
[2026-04-20T17:08:07.801+0000] {taskinstance.py:2170} INFO - Starting attempt 1 of 1
[2026-04-20T17:08:07.858+0000] {taskinstance.py:2191} INFO - Executing <Task(PythonOperator): run_glue_pedidos_curated> on 2026-04-20 17:07:58.370539+00:00
[2026-04-20T17:08:07.863+0000] {standard_task_runner.py:60} INFO - Started process 66 to run task
[2026-04-20T17:08:07.866+0000] {standard_task_runner.py:87} INFO - Running: ['airflow', 'tasks', 'run', 'logidata_pipeline_dag', 'run_glue_pedidos_curated', 'manual__2026-04-20T17:07:58.370539+00:00', '--job-id', '6', '--raw', '--subdir', 'DAGS_FOLDER/logidata_pipeline_dag.py', '--cfg-path', '/tmp/tmpp17qhjz7']
[2026-04-20T17:08:07.868+0000] {standard_task_runner.py:88} INFO - Job 6: Subtask run_glue_pedidos_curated
[2026-04-20T17:08:07.964+0000] {task_command.py:423} INFO - Running <TaskInstance: logidata_pipeline_dag.run_glue_pedidos_curated manual__2026-04-20T17:07:58.370539+00:00 [running]> on host 8ba55271cc99
[2026-04-20T17:08:08.127+0000] {taskinstance.py:2480} INFO - Exporting env vars: AIRFLOW_CTX_DAG_OWNER='airflow' AIRFLOW_CTX_DAG_ID='logidata_pipeline_dag' AIRFLOW_CTX_TASK_ID='run_glue_pedidos_curated' AIRFLOW_CTX_EXECUTION_DATE='2026-04-20T17:07:58.370539+00:00' AIRFLOW_CTX_TRY_NUMBER='1' AIRFLOW_CTX_DAG_RUN_ID='manual__2026-04-20T17:07:58.370539+00:00'
[2026-04-20T17:08:08.163+0000] {credentials.py:1278} INFO - Found credentials in shared credentials file: /home/airflow/.aws/credentials
[2026-04-20T17:08:08.636+0000] {logging_mixin.py:188} INFO - Iniciado Glue job pedidos-curated-job con run_id=jr_b36938d69fa266de7c1802f75e38f437225b4ecd38c3d84699e88560830ab8cd
[2026-04-20T17:08:08.637+0000] {logging_mixin.py:188} INFO - Argumentos: {'--RAW_DB': 'logidata_raw', '--CURATED_BUCKET': 'ejrp-g01-curated-ejrp', '--force_refresh': 'true'}
[2026-04-20T17:08:08.761+0000] {logging_mixin.py:188} INFO - pedidos-curated-job -> RUNNING
[2026-04-20T17:08:31.661+0000] {logging_mixin.py:188} INFO - pedidos-curated-job -> RUNNING
[2026-04-20T17:08:54.539+0000] {logging_mixin.py:188} INFO - pedidos-curated-job -> RUNNING
[2026-04-20T17:09:14.689+0000] {logging_mixin.py:188} INFO - pedidos-curated-job -> RUNNING
[2026-04-20T17:09:37.625+0000] {logging_mixin.py:188} INFO - pedidos-curated-job -> RUNNING
[2026-04-20T17:09:58.548+0000] {logging_mixin.py:188} INFO - pedidos-curated-job -> RUNNING
[2026-04-20T17:10:18.706+0000] {logging_mixin.py:188} INFO - pedidos-curated-job -> SUCCEEDED
[2026-04-20T17:10:18.710+0000] {python.py:201} INFO - Done. Returned value was: None
[2026-04-20T17:10:18.737+0000] {taskinstance.py:1138} INFO - Marking task as SUCCESS. dag_id=logidata_pipeline_dag, task_id=run_glue_pedidos_curated, execution_date=20260420T170758, start_date=20260420T170807, end_date=20260420T171018
[2026-04-20T17:10:18.846+0000] {local_task_job_runner.py:234} INFO - Task exited with return code 0
[2026-04-20T17:10:18.914+0000] {taskinstance.py:3280} INFO - 0 downstream tasks scheduled from follow-on schedule check
