[2026-04-20T22:20:21.483+0000] {taskinstance.py:1956} INFO - Dependencies all met for dep_context=non-requeueable deps ti=<TaskInstance: logidata_pipeline_dag.run_glue_dimensions manual__2026-04-20T22:16:10.553603+00:00 [queued]>
[2026-04-20T22:20:21.498+0000] {taskinstance.py:1956} INFO - Dependencies all met for dep_context=requeueable deps ti=<TaskInstance: logidata_pipeline_dag.run_glue_dimensions manual__2026-04-20T22:16:10.553603+00:00 [queued]>
[2026-04-20T22:20:21.499+0000] {taskinstance.py:2170} INFO - Starting attempt 1 of 1
[2026-04-20T22:20:21.573+0000] {taskinstance.py:2191} INFO - Executing <Task(PythonOperator): run_glue_dimensions> on 2026-04-20 22:16:10.553603+00:00
[2026-04-20T22:20:21.581+0000] {standard_task_runner.py:60} INFO - Started process 1010 to run task
[2026-04-20T22:20:21.586+0000] {standard_task_runner.py:87} INFO - Running: ['airflow', 'tasks', 'run', 'logidata_pipeline_dag', 'run_glue_dimensions', 'manual__2026-04-20T22:16:10.553603+00:00', '--job-id', '46', '--raw', '--subdir', 'DAGS_FOLDER/logidata_pipeline_dag.py', '--cfg-path', '/tmp/tmpgm8q831b']
[2026-04-20T22:20:21.587+0000] {standard_task_runner.py:88} INFO - Job 46: Subtask run_glue_dimensions
[2026-04-20T22:20:21.687+0000] {task_command.py:423} INFO - Running <TaskInstance: logidata_pipeline_dag.run_glue_dimensions manual__2026-04-20T22:16:10.553603+00:00 [running]> on host 8ba55271cc99
[2026-04-20T22:20:21.822+0000] {taskinstance.py:2480} INFO - Exporting env vars: AIRFLOW_CTX_DAG_OWNER='airflow' AIRFLOW_CTX_DAG_ID='logidata_pipeline_dag' AIRFLOW_CTX_TASK_ID='run_glue_dimensions' AIRFLOW_CTX_EXECUTION_DATE='2026-04-20T22:16:10.553603+00:00' AIRFLOW_CTX_TRY_NUMBER='1' AIRFLOW_CTX_DAG_RUN_ID='manual__2026-04-20T22:16:10.553603+00:00'
[2026-04-20T22:20:21.862+0000] {credentials.py:1278} INFO - Found credentials in shared credentials file: /home/airflow/.aws/credentials
[2026-04-20T22:20:22.383+0000] {logging_mixin.py:188} INFO - Iniciado Glue job dimensions-job con run_id=jr_141a5ae31634e3a9b98fb7cb2820558af6f43d014bb167987a0759bfaabc36a3
[2026-04-20T22:20:22.384+0000] {logging_mixin.py:188} INFO - Argumentos: {'--RAW_DB': 'logidata_raw', '--CURATED_BUCKET': 'ejrp-g01-curated-ejrp'}
[2026-04-20T22:20:22.505+0000] {logging_mixin.py:188} INFO - dimensions-job -> RUNNING
[2026-04-20T22:20:45.392+0000] {logging_mixin.py:188} INFO - dimensions-job -> RUNNING
[2026-04-20T22:21:08.274+0000] {logging_mixin.py:188} INFO - dimensions-job -> RUNNING
[2026-04-20T22:21:28.448+0000] {logging_mixin.py:188} INFO - dimensions-job -> RUNNING
[2026-04-20T22:21:51.347+0000] {logging_mixin.py:188} INFO - dimensions-job -> RUNNING
[2026-04-20T22:22:12.256+0000] {logging_mixin.py:188} INFO - dimensions-job -> SUCCEEDED
[2026-04-20T22:22:12.258+0000] {python.py:201} INFO - Done. Returned value was: None
[2026-04-20T22:22:12.274+0000] {taskinstance.py:1138} INFO - Marking task as SUCCESS. dag_id=logidata_pipeline_dag, task_id=run_glue_dimensions, execution_date=20260420T221610, start_date=20260420T222021, end_date=20260420T222212
[2026-04-20T22:22:12.350+0000] {local_task_job_runner.py:234} INFO - Task exited with return code 0
[2026-04-20T22:22:12.388+0000] {taskinstance.py:3280} INFO - 1 downstream tasks scheduled from follow-on schedule check
