[2026-04-20T23:36:32.251+0000] {taskinstance.py:1956} INFO - Dependencies all met for dep_context=non-requeueable deps ti=<TaskInstance: logidata_pipeline_dag.run_athena_demo_queries manual__2026-04-20T23:24:20.066580+00:00 [queued]>
[2026-04-20T23:36:32.264+0000] {taskinstance.py:1956} INFO - Dependencies all met for dep_context=requeueable deps ti=<TaskInstance: logidata_pipeline_dag.run_athena_demo_queries manual__2026-04-20T23:24:20.066580+00:00 [queued]>
[2026-04-20T23:36:32.264+0000] {taskinstance.py:2170} INFO - Starting attempt 1 of 1
[2026-04-20T23:36:32.304+0000] {taskinstance.py:2191} INFO - Executing <Task(PythonOperator): run_athena_demo_queries> on 2026-04-20 23:24:20.066580+00:00
[2026-04-20T23:36:32.309+0000] {standard_task_runner.py:60} INFO - Started process 1304 to run task
[2026-04-20T23:36:32.312+0000] {standard_task_runner.py:87} INFO - Running: ['airflow', 'tasks', 'run', 'logidata_pipeline_dag', 'run_athena_demo_queries', 'manual__2026-04-20T23:24:20.066580+00:00', '--job-id', '65', '--raw', '--subdir', 'DAGS_FOLDER/logidata_pipeline_dag.py', '--cfg-path', '/tmp/tmp55pd4hi1']
[2026-04-20T23:36:32.313+0000] {standard_task_runner.py:88} INFO - Job 65: Subtask run_athena_demo_queries
[2026-04-20T23:36:32.415+0000] {task_command.py:423} INFO - Running <TaskInstance: logidata_pipeline_dag.run_athena_demo_queries manual__2026-04-20T23:24:20.066580+00:00 [running]> on host 8ba55271cc99
[2026-04-20T23:36:32.581+0000] {taskinstance.py:2480} INFO - Exporting env vars: AIRFLOW_CTX_DAG_OWNER='airflow' AIRFLOW_CTX_DAG_ID='logidata_pipeline_dag' AIRFLOW_CTX_TASK_ID='run_athena_demo_queries' AIRFLOW_CTX_EXECUTION_DATE='2026-04-20T23:24:20.066580+00:00' AIRFLOW_CTX_TRY_NUMBER='1' AIRFLOW_CTX_DAG_RUN_ID='manual__2026-04-20T23:24:20.066580+00:00'
[2026-04-20T23:36:32.613+0000] {credentials.py:1278} INFO - Found credentials in shared credentials file: /home/airflow/.aws/credentials
[2026-04-20T23:36:32.994+0000] {logging_mixin.py:188} INFO - Athena QueryExecutionId: f739f106-e30a-4491-a960-07a56c195e40
[2026-04-20T23:36:32.995+0000] {logging_mixin.py:188} INFO - 
    SELECT estado, COUNT(*) AS cantidad
    FROM pedidos_curated
    GROUP BY estado
    ORDER BY cantidad DESC
    
[2026-04-20T23:36:33.087+0000] {logging_mixin.py:188} INFO - Athena state: QUEUED
[2026-04-20T23:36:45.920+0000] {logging_mixin.py:188} INFO - Athena state: SUCCEEDED
[2026-04-20T23:36:45.923+0000] {python.py:201} INFO - Done. Returned value was: None
[2026-04-20T23:36:45.937+0000] {taskinstance.py:1138} INFO - Marking task as SUCCESS. dag_id=logidata_pipeline_dag, task_id=run_athena_demo_queries, execution_date=20260420T232420, start_date=20260420T233632, end_date=20260420T233645
[2026-04-20T23:36:46.031+0000] {local_task_job_runner.py:234} INFO - Task exited with return code 0
[2026-04-20T23:36:46.102+0000] {taskinstance.py:3280} INFO - 1 downstream tasks scheduled from follow-on schedule check
