[2026-04-20T19:08:28.738+0000] {taskinstance.py:1956} INFO - Dependencies all met for dep_context=non-requeueable deps ti=<TaskInstance: logidata_pipeline_dag.run_curated_crawler manual__2026-04-20T18:59:53.321700+00:00 [queued]>
[2026-04-20T19:08:28.754+0000] {taskinstance.py:1956} INFO - Dependencies all met for dep_context=requeueable deps ti=<TaskInstance: logidata_pipeline_dag.run_curated_crawler manual__2026-04-20T18:59:53.321700+00:00 [queued]>
[2026-04-20T19:08:28.755+0000] {taskinstance.py:2170} INFO - Starting attempt 1 of 1
[2026-04-20T19:08:28.825+0000] {taskinstance.py:2191} INFO - Executing <Task(PythonOperator): run_curated_crawler> on 2026-04-20 18:59:53.321700+00:00
[2026-04-20T19:08:28.834+0000] {standard_task_runner.py:60} INFO - Started process 411 to run task
[2026-04-20T19:08:28.840+0000] {standard_task_runner.py:87} INFO - Running: ['airflow', 'tasks', 'run', 'logidata_pipeline_dag', 'run_curated_crawler', 'manual__2026-04-20T18:59:53.321700+00:00', '--job-id', '19', '--raw', '--subdir', 'DAGS_FOLDER/logidata_pipeline_dag.py', '--cfg-path', '/tmp/tmpm1rulxgf']
[2026-04-20T19:08:28.843+0000] {standard_task_runner.py:88} INFO - Job 19: Subtask run_curated_crawler
[2026-04-20T19:08:29.031+0000] {task_command.py:423} INFO - Running <TaskInstance: logidata_pipeline_dag.run_curated_crawler manual__2026-04-20T18:59:53.321700+00:00 [running]> on host 8ba55271cc99
[2026-04-20T19:08:29.221+0000] {taskinstance.py:2480} INFO - Exporting env vars: AIRFLOW_CTX_DAG_OWNER='airflow' AIRFLOW_CTX_DAG_ID='logidata_pipeline_dag' AIRFLOW_CTX_TASK_ID='run_curated_crawler' AIRFLOW_CTX_EXECUTION_DATE='2026-04-20T18:59:53.321700+00:00' AIRFLOW_CTX_TRY_NUMBER='1' AIRFLOW_CTX_DAG_RUN_ID='manual__2026-04-20T18:59:53.321700+00:00'
[2026-04-20T19:08:29.256+0000] {credentials.py:1278} INFO - Found credentials in shared credentials file: /home/airflow/.aws/credentials
[2026-04-20T19:08:41.066+0000] {logging_mixin.py:188} INFO - Crawler crawler-curated-ejrp iniciado
[2026-04-20T19:08:41.168+0000] {logging_mixin.py:188} INFO - Crawler state: RUNNING
[2026-04-20T19:08:57.416+0000] {logging_mixin.py:188} INFO - Crawler state: RUNNING
[2026-04-20T19:09:12.548+0000] {logging_mixin.py:188} INFO - Crawler state: RUNNING
[2026-04-20T19:09:28.584+0000] {logging_mixin.py:188} INFO - Crawler state: RUNNING
[2026-04-20T19:09:43.713+0000] {logging_mixin.py:188} INFO - Crawler state: RUNNING
[2026-04-20T19:06:48.105+0000] {logging_mixin.py:188} INFO - Crawler state: STOPPING
[2026-04-20T19:10:14.709+0000] {logging_mixin.py:188} INFO - Crawler state: STOPPING
[2026-04-20T19:10:29.829+0000] {logging_mixin.py:188} INFO - Crawler state: STOPPING
[2026-04-20T19:10:44.942+0000] {logging_mixin.py:188} INFO - Crawler state: STOPPING
[2026-04-20T19:11:02.602+0000] {logging_mixin.py:188} INFO - Crawler state: STOPPING
[2026-04-20T19:11:17.731+0000] {logging_mixin.py:188} INFO - Crawler state: STOPPING
[2026-04-20T19:08:22.282+0000] {logging_mixin.py:188} INFO - Crawler state: STOPPING
[2026-04-20T19:08:37.408+0000] {logging_mixin.py:188} INFO - Crawler state: STOPPING
[2026-04-20T19:08:52.540+0000] {logging_mixin.py:188} INFO - Crawler state: STOPPING
[2026-04-20T19:12:19.139+0000] {logging_mixin.py:188} INFO - Crawler state: READY
[2026-04-20T19:12:19.140+0000] {logging_mixin.py:188} INFO - Last crawl status: SUCCEEDED
[2026-04-20T19:12:19.142+0000] {python.py:201} INFO - Done. Returned value was: None
[2026-04-20T19:12:19.161+0000] {taskinstance.py:1138} INFO - Marking task as SUCCESS. dag_id=logidata_pipeline_dag, task_id=run_curated_crawler, execution_date=20260420T185953, start_date=20260420T190828, end_date=20260420T191219
[2026-04-20T19:13:15.468+0000] {local_task_job_runner.py:234} INFO - Task exited with return code 0
[2026-04-20T19:13:15.502+0000] {taskinstance.py:3280} INFO - 1 downstream tasks scheduled from follow-on schedule check
