[2026-04-20T17:10:21.610+0000] {taskinstance.py:1956} INFO - Dependencies all met for dep_context=non-requeueable deps ti=<TaskInstance: logidata_pipeline_dag.run_glue_sensores_curated manual__2026-04-20T17:07:58.370539+00:00 [queued]>
[2026-04-20T17:10:21.626+0000] {taskinstance.py:1956} INFO - Dependencies all met for dep_context=requeueable deps ti=<TaskInstance: logidata_pipeline_dag.run_glue_sensores_curated manual__2026-04-20T17:07:58.370539+00:00 [queued]>
[2026-04-20T17:10:21.627+0000] {taskinstance.py:2170} INFO - Starting attempt 1 of 1
[2026-04-20T17:10:21.676+0000] {taskinstance.py:2191} INFO - Executing <Task(PythonOperator): run_glue_sensores_curated> on 2026-04-20 17:07:58.370539+00:00
[2026-04-20T17:10:21.681+0000] {standard_task_runner.py:60} INFO - Started process 76 to run task
[2026-04-20T17:10:21.687+0000] {standard_task_runner.py:87} INFO - Running: ['airflow', 'tasks', 'run', 'logidata_pipeline_dag', 'run_glue_sensores_curated', 'manual__2026-04-20T17:07:58.370539+00:00', '--job-id', '7', '--raw', '--subdir', 'DAGS_FOLDER/logidata_pipeline_dag.py', '--cfg-path', '/tmp/tmpeylornux']
[2026-04-20T17:10:21.690+0000] {standard_task_runner.py:88} INFO - Job 7: Subtask run_glue_sensores_curated
[2026-04-20T17:10:21.813+0000] {task_command.py:423} INFO - Running <TaskInstance: logidata_pipeline_dag.run_glue_sensores_curated manual__2026-04-20T17:07:58.370539+00:00 [running]> on host 8ba55271cc99
[2026-04-20T17:10:22.010+0000] {taskinstance.py:2480} INFO - Exporting env vars: AIRFLOW_CTX_DAG_OWNER='airflow' AIRFLOW_CTX_DAG_ID='logidata_pipeline_dag' AIRFLOW_CTX_TASK_ID='run_glue_sensores_curated' AIRFLOW_CTX_EXECUTION_DATE='2026-04-20T17:07:58.370539+00:00' AIRFLOW_CTX_TRY_NUMBER='1' AIRFLOW_CTX_DAG_RUN_ID='manual__2026-04-20T17:07:58.370539+00:00'
[2026-04-20T17:10:22.036+0000] {credentials.py:1278} INFO - Found credentials in shared credentials file: /home/airflow/.aws/credentials
[2026-04-20T17:10:22.587+0000] {logging_mixin.py:188} INFO - Iniciado Glue job sensores-curated-job con run_id=jr_ed6cccd0b5c3281a042fb22e8978110610f090bc4c39c5fb993c79b7b1784d09
[2026-04-20T17:10:22.588+0000] {logging_mixin.py:188} INFO - Argumentos: {'--RAW_DB': 'logidata_raw', '--CURATED_BUCKET': 'ejrp-g01-curated-ejrp'}
[2026-04-20T17:10:22.701+0000] {logging_mixin.py:188} INFO - sensores-curated-job -> RUNNING
[2026-04-20T17:10:43.389+0000] {logging_mixin.py:188} INFO - sensores-curated-job -> RUNNING
[2026-04-20T17:11:06.271+0000] {logging_mixin.py:188} INFO - sensores-curated-job -> RUNNING
[2026-04-20T17:11:26.404+0000] {logging_mixin.py:188} INFO - sensores-curated-job -> RUNNING
[2026-04-20T17:11:49.262+0000] {logging_mixin.py:188} INFO - sensores-curated-job -> SUCCEEDED
[2026-04-20T17:11:49.266+0000] {python.py:201} INFO - Done. Returned value was: None
[2026-04-20T17:11:49.285+0000] {taskinstance.py:1138} INFO - Marking task as SUCCESS. dag_id=logidata_pipeline_dag, task_id=run_glue_sensores_curated, execution_date=20260420T170758, start_date=20260420T171021, end_date=20260420T171149
[2026-04-20T17:11:49.353+0000] {local_task_job_runner.py:234} INFO - Task exited with return code 0
[2026-04-20T17:11:49.401+0000] {taskinstance.py:3280} INFO - 1 downstream tasks scheduled from follow-on schedule check
