[2026-04-20T23:24:29.934+0000] {taskinstance.py:1956} INFO - Dependencies all met for dep_context=non-requeueable deps ti=<TaskInstance: logidata_pipeline_dag.run_glue_pedidos_curated manual__2026-04-20T23:24:20.066580+00:00 [queued]>
[2026-04-20T23:24:29.957+0000] {taskinstance.py:1956} INFO - Dependencies all met for dep_context=requeueable deps ti=<TaskInstance: logidata_pipeline_dag.run_glue_pedidos_curated manual__2026-04-20T23:24:20.066580+00:00 [queued]>
[2026-04-20T23:24:29.958+0000] {taskinstance.py:2170} INFO - Starting attempt 1 of 1
[2026-04-20T23:24:30.001+0000] {taskinstance.py:2191} INFO - Executing <Task(PythonOperator): run_glue_pedidos_curated> on 2026-04-20 23:24:20.066580+00:00
[2026-04-20T23:24:30.005+0000] {standard_task_runner.py:60} INFO - Started process 1248 to run task
[2026-04-20T23:24:30.009+0000] {standard_task_runner.py:87} INFO - Running: ['airflow', 'tasks', 'run', 'logidata_pipeline_dag', 'run_glue_pedidos_curated', 'manual__2026-04-20T23:24:20.066580+00:00', '--job-id', '60', '--raw', '--subdir', 'DAGS_FOLDER/logidata_pipeline_dag.py', '--cfg-path', '/tmp/tmpuz3zdmtv']
[2026-04-20T23:24:30.012+0000] {standard_task_runner.py:88} INFO - Job 60: Subtask run_glue_pedidos_curated
[2026-04-20T23:24:30.117+0000] {task_command.py:423} INFO - Running <TaskInstance: logidata_pipeline_dag.run_glue_pedidos_curated manual__2026-04-20T23:24:20.066580+00:00 [running]> on host 8ba55271cc99
[2026-04-20T23:24:30.243+0000] {taskinstance.py:2480} INFO - Exporting env vars: AIRFLOW_CTX_DAG_OWNER='airflow' AIRFLOW_CTX_DAG_ID='logidata_pipeline_dag' AIRFLOW_CTX_TASK_ID='run_glue_pedidos_curated' AIRFLOW_CTX_EXECUTION_DATE='2026-04-20T23:24:20.066580+00:00' AIRFLOW_CTX_TRY_NUMBER='1' AIRFLOW_CTX_DAG_RUN_ID='manual__2026-04-20T23:24:20.066580+00:00'
[2026-04-20T23:24:30.270+0000] {credentials.py:1278} INFO - Found credentials in shared credentials file: /home/airflow/.aws/credentials
[2026-04-20T23:24:30.881+0000] {logging_mixin.py:188} INFO - Iniciado Glue job pedidos-curated-job con run_id=jr_6ef0109e266bed7377233057587e2fd1a5c17ee4fbd5203cf62f775f1b3d0e86
[2026-04-20T23:24:30.882+0000] {logging_mixin.py:188} INFO - Argumentos: {'--RAW_DB': 'logidata_raw', '--CURATED_BUCKET': 'ejrp-g01-curated-ejrp', '--force_refresh': 'true'}
[2026-04-20T23:24:31.022+0000] {logging_mixin.py:188} INFO - pedidos-curated-job -> RUNNING
[2026-04-20T23:24:51.180+0000] {logging_mixin.py:188} INFO - pedidos-curated-job -> RUNNING
[2026-04-20T23:25:12.531+0000] {logging_mixin.py:188} INFO - pedidos-curated-job -> RUNNING
[2026-04-20T23:25:33.694+0000] {logging_mixin.py:188} INFO - pedidos-curated-job -> RUNNING
[2026-04-20T23:25:53.860+0000] {logging_mixin.py:188} INFO - pedidos-curated-job -> RUNNING
[2026-04-20T23:26:16.754+0000] {logging_mixin.py:188} INFO - pedidos-curated-job -> RUNNING
[2026-04-20T23:26:39.605+0000] {logging_mixin.py:188} INFO - pedidos-curated-job -> SUCCEEDED
[2026-04-20T23:26:39.610+0000] {python.py:201} INFO - Done. Returned value was: None
[2026-04-20T23:26:39.639+0000] {taskinstance.py:1138} INFO - Marking task as SUCCESS. dag_id=logidata_pipeline_dag, task_id=run_glue_pedidos_curated, execution_date=20260420T232420, start_date=20260420T232429, end_date=20260420T232639
[2026-04-20T23:26:39.705+0000] {local_task_job_runner.py:234} INFO - Task exited with return code 0
[2026-04-20T23:26:39.748+0000] {taskinstance.py:3280} INFO - 0 downstream tasks scheduled from follow-on schedule check
