[2026-04-20T21:38:02.396+0000] {taskinstance.py:1956} INFO - Dependencies all met for dep_context=non-requeueable deps ti=<TaskInstance: logidata_pipeline_dag.run_glue_sensores_curated manual__2026-04-20T21:35:41.166873+00:00 [queued]>
[2026-04-20T21:38:02.414+0000] {taskinstance.py:1956} INFO - Dependencies all met for dep_context=requeueable deps ti=<TaskInstance: logidata_pipeline_dag.run_glue_sensores_curated manual__2026-04-20T21:35:41.166873+00:00 [queued]>
[2026-04-20T21:38:02.415+0000] {taskinstance.py:2170} INFO - Starting attempt 1 of 1
[2026-04-20T21:38:02.475+0000] {taskinstance.py:2191} INFO - Executing <Task(PythonOperator): run_glue_sensores_curated> on 2026-04-20 21:35:41.166873+00:00
[2026-04-20T21:38:02.482+0000] {standard_task_runner.py:60} INFO - Started process 803 to run task
[2026-04-20T21:38:02.486+0000] {standard_task_runner.py:87} INFO - Running: ['airflow', 'tasks', 'run', 'logidata_pipeline_dag', 'run_glue_sensores_curated', 'manual__2026-04-20T21:35:41.166873+00:00', '--job-id', '31', '--raw', '--subdir', 'DAGS_FOLDER/logidata_pipeline_dag.py', '--cfg-path', '/tmp/tmpab_s4jeu']
[2026-04-20T21:38:02.489+0000] {standard_task_runner.py:88} INFO - Job 31: Subtask run_glue_sensores_curated
[2026-04-20T21:38:02.574+0000] {task_command.py:423} INFO - Running <TaskInstance: logidata_pipeline_dag.run_glue_sensores_curated manual__2026-04-20T21:35:41.166873+00:00 [running]> on host 8ba55271cc99
[2026-04-20T21:38:02.690+0000] {taskinstance.py:2480} INFO - Exporting env vars: AIRFLOW_CTX_DAG_OWNER='airflow' AIRFLOW_CTX_DAG_ID='logidata_pipeline_dag' AIRFLOW_CTX_TASK_ID='run_glue_sensores_curated' AIRFLOW_CTX_EXECUTION_DATE='2026-04-20T21:35:41.166873+00:00' AIRFLOW_CTX_TRY_NUMBER='1' AIRFLOW_CTX_DAG_RUN_ID='manual__2026-04-20T21:35:41.166873+00:00'
[2026-04-20T21:38:02.713+0000] {credentials.py:1278} INFO - Found credentials in shared credentials file: /home/airflow/.aws/credentials
[2026-04-20T21:38:03.145+0000] {logging_mixin.py:188} INFO - Iniciado Glue job sensores-curated-job con run_id=jr_a9f92be6f18f4109f7ad9c8a0e487466a2c64e778227f3c0b13c88d7f0a554fe
[2026-04-20T21:38:03.146+0000] {logging_mixin.py:188} INFO - Argumentos: {'--RAW_DB': 'logidata_raw', '--CURATED_BUCKET': 'ejrp-g01-curated-ejrp'}
[2026-04-20T21:38:03.260+0000] {logging_mixin.py:188} INFO - sensores-curated-job -> RUNNING
[2026-04-20T21:38:24.313+0000] {logging_mixin.py:188} INFO - sensores-curated-job -> RUNNING
[2026-04-20T21:38:45.191+0000] {logging_mixin.py:188} INFO - sensores-curated-job -> RUNNING
[2026-04-20T21:39:05.339+0000] {logging_mixin.py:188} INFO - sensores-curated-job -> RUNNING
[2026-04-20T21:39:28.199+0000] {logging_mixin.py:188} INFO - sensores-curated-job -> SUCCEEDED
[2026-04-20T21:39:28.201+0000] {python.py:201} INFO - Done. Returned value was: None
[2026-04-20T21:39:28.211+0000] {taskinstance.py:1138} INFO - Marking task as SUCCESS. dag_id=logidata_pipeline_dag, task_id=run_glue_sensores_curated, execution_date=20260420T213541, start_date=20260420T213802, end_date=20260420T213928
[2026-04-20T21:41:32.507+0000] {local_task_job_runner.py:234} INFO - Task exited with return code 0
[2026-04-20T21:41:32.573+0000] {taskinstance.py:3280} INFO - 0 downstream tasks scheduled from follow-on schedule check
