[2026-04-20T23:26:43.195+0000] {taskinstance.py:1956} INFO - Dependencies all met for dep_context=non-requeueable deps ti=<TaskInstance: logidata_pipeline_dag.run_glue_sensores_curated manual__2026-04-20T23:24:20.066580+00:00 [queued]>
[2026-04-20T23:26:43.216+0000] {taskinstance.py:1956} INFO - Dependencies all met for dep_context=requeueable deps ti=<TaskInstance: logidata_pipeline_dag.run_glue_sensores_curated manual__2026-04-20T23:24:20.066580+00:00 [queued]>
[2026-04-20T23:26:43.217+0000] {taskinstance.py:2170} INFO - Starting attempt 1 of 1
[2026-04-20T23:26:43.264+0000] {taskinstance.py:2191} INFO - Executing <Task(PythonOperator): run_glue_sensores_curated> on 2026-04-20 23:24:20.066580+00:00
[2026-04-20T23:26:43.275+0000] {standard_task_runner.py:60} INFO - Started process 1258 to run task
[2026-04-20T23:26:43.281+0000] {standard_task_runner.py:87} INFO - Running: ['airflow', 'tasks', 'run', 'logidata_pipeline_dag', 'run_glue_sensores_curated', 'manual__2026-04-20T23:24:20.066580+00:00', '--job-id', '61', '--raw', '--subdir', 'DAGS_FOLDER/logidata_pipeline_dag.py', '--cfg-path', '/tmp/tmpl44qa7od']
[2026-04-20T23:26:43.287+0000] {standard_task_runner.py:88} INFO - Job 61: Subtask run_glue_sensores_curated
[2026-04-20T23:26:43.383+0000] {task_command.py:423} INFO - Running <TaskInstance: logidata_pipeline_dag.run_glue_sensores_curated manual__2026-04-20T23:24:20.066580+00:00 [running]> on host 8ba55271cc99
[2026-04-20T23:26:43.523+0000] {taskinstance.py:2480} INFO - Exporting env vars: AIRFLOW_CTX_DAG_OWNER='airflow' AIRFLOW_CTX_DAG_ID='logidata_pipeline_dag' AIRFLOW_CTX_TASK_ID='run_glue_sensores_curated' AIRFLOW_CTX_EXECUTION_DATE='2026-04-20T23:24:20.066580+00:00' AIRFLOW_CTX_TRY_NUMBER='1' AIRFLOW_CTX_DAG_RUN_ID='manual__2026-04-20T23:24:20.066580+00:00'
[2026-04-20T23:26:43.553+0000] {credentials.py:1278} INFO - Found credentials in shared credentials file: /home/airflow/.aws/credentials
[2026-04-20T23:26:44.066+0000] {logging_mixin.py:188} INFO - Iniciado Glue job sensores-curated-job con run_id=jr_2e92e67c413f2cd48a3817bd2eec5a6897fc4303da468594d725466042f99af8
[2026-04-20T23:26:44.067+0000] {logging_mixin.py:188} INFO - Argumentos: {'--RAW_DB': 'logidata_raw', '--CURATED_BUCKET': 'ejrp-g01-curated-ejrp'}
[2026-04-20T23:26:44.192+0000] {logging_mixin.py:188} INFO - sensores-curated-job -> RUNNING
[2026-04-20T23:27:04.362+0000] {logging_mixin.py:188} INFO - sensores-curated-job -> RUNNING
[2026-04-20T23:27:27.237+0000] {logging_mixin.py:188} INFO - sensores-curated-job -> RUNNING
[2026-04-20T23:27:48.386+0000] {logging_mixin.py:188} INFO - sensores-curated-job -> RUNNING
[2026-04-20T23:28:09.319+0000] {logging_mixin.py:188} INFO - sensores-curated-job -> SUCCEEDED
[2026-04-20T23:28:09.324+0000] {python.py:201} INFO - Done. Returned value was: None
[2026-04-20T23:28:09.344+0000] {taskinstance.py:1138} INFO - Marking task as SUCCESS. dag_id=logidata_pipeline_dag, task_id=run_glue_sensores_curated, execution_date=20260420T232420, start_date=20260420T232643, end_date=20260420T232809
[2026-04-20T23:30:58.965+0000] {local_task_job_runner.py:234} INFO - Task exited with return code 0
[2026-04-20T23:30:59.044+0000] {taskinstance.py:3280} INFO - 1 downstream tasks scheduled from follow-on schedule check
