[2026-04-20T18:35:05.441+0000] {taskinstance.py:1956} INFO - Dependencies all met for dep_context=non-requeueable deps ti=<TaskInstance: logidata_pipeline_dag.check_raw_files manual__2026-04-20T18:34:58.338044+00:00 [queued]>
[2026-04-20T18:35:05.452+0000] {taskinstance.py:1956} INFO - Dependencies all met for dep_context=requeueable deps ti=<TaskInstance: logidata_pipeline_dag.check_raw_files manual__2026-04-20T18:34:58.338044+00:00 [queued]>
[2026-04-20T18:35:05.453+0000] {taskinstance.py:2170} INFO - Starting attempt 1 of 1
[2026-04-20T18:35:05.499+0000] {taskinstance.py:2191} INFO - Executing <Task(PythonOperator): check_raw_files> on 2026-04-20 18:34:58.338044+00:00
[2026-04-20T18:35:05.505+0000] {standard_task_runner.py:60} INFO - Started process 292 to run task
[2026-04-20T18:35:05.509+0000] {standard_task_runner.py:87} INFO - Running: ['airflow', 'tasks', 'run', 'logidata_pipeline_dag', 'check_raw_files', 'manual__2026-04-20T18:34:58.338044+00:00', '--job-id', '13', '--raw', '--subdir', 'DAGS_FOLDER/logidata_pipeline_dag.py', '--cfg-path', '/tmp/tmpgohdcyjj']
[2026-04-20T18:35:05.511+0000] {standard_task_runner.py:88} INFO - Job 13: Subtask check_raw_files
[2026-04-20T18:35:05.612+0000] {task_command.py:423} INFO - Running <TaskInstance: logidata_pipeline_dag.check_raw_files manual__2026-04-20T18:34:58.338044+00:00 [running]> on host 8ba55271cc99
[2026-04-20T18:35:05.768+0000] {taskinstance.py:2480} INFO - Exporting env vars: AIRFLOW_CTX_DAG_OWNER='airflow' AIRFLOW_CTX_DAG_ID='logidata_pipeline_dag' AIRFLOW_CTX_TASK_ID='check_raw_files' AIRFLOW_CTX_EXECUTION_DATE='2026-04-20T18:34:58.338044+00:00' AIRFLOW_CTX_TRY_NUMBER='1' AIRFLOW_CTX_DAG_RUN_ID='manual__2026-04-20T18:34:58.338044+00:00'
[2026-04-20T18:35:05.797+0000] {credentials.py:1278} INFO - Found credentials in shared credentials file: /home/airflow/.aws/credentials
[2026-04-20T18:35:06.524+0000] {taskinstance.py:2698} ERROR - Task failed with exception
Traceback (most recent call last):
  File "/home/airflow/.local/lib/python3.8/site-packages/airflow/models/taskinstance.py", line 433, in _execute_task
    result = execute_callable(context=context, **execute_callable_kwargs)
  File "/home/airflow/.local/lib/python3.8/site-packages/airflow/operators/python.py", line 199, in execute
    return_value = self.execute_callable()
  File "/home/airflow/.local/lib/python3.8/site-packages/airflow/operators/python.py", line 216, in execute_callable
    return self.python_callable(*self.op_args, **self.op_kwargs)
  File "/opt/airflow/dags/logidata_pipeline_dag.py", line 37, in check_raw
    raise AirflowException(f"Falta data en s3://{RAW_BUCKET}/{prefix}")
airflow.exceptions.AirflowException: Falta data en s3://ejrp-g01-raw-ejrp/raw/local/pedidos/
[2026-04-20T18:35:06.535+0000] {taskinstance.py:1138} INFO - Marking task as FAILED. dag_id=logidata_pipeline_dag, task_id=check_raw_files, execution_date=20260420T183458, start_date=20260420T183505, end_date=20260420T183506
[2026-04-20T18:35:06.591+0000] {standard_task_runner.py:107} ERROR - Failed to execute job 13 for task check_raw_files (Falta data en s3://ejrp-g01-raw-ejrp/raw/local/pedidos/; 292)
[2026-04-20T18:35:06.605+0000] {local_task_job_runner.py:234} INFO - Task exited with return code 1
[2026-04-20T18:35:06.633+0000] {taskinstance.py:3280} INFO - 0 downstream tasks scheduled from follow-on schedule check
