[2026-04-20T16:30:44.730+0000] {taskinstance.py:1956} INFO - Dependencies all met for dep_context=non-requeueable deps ti=<TaskInstance: logidata_pipeline_dag.check_raw_files manual__2026-04-20T16:30:40.763050+00:00 [queued]>
[2026-04-20T16:30:44.738+0000] {taskinstance.py:1956} INFO - Dependencies all met for dep_context=requeueable deps ti=<TaskInstance: logidata_pipeline_dag.check_raw_files manual__2026-04-20T16:30:40.763050+00:00 [queued]>
[2026-04-20T16:30:44.739+0000] {taskinstance.py:2170} INFO - Starting attempt 1 of 1
[2026-04-20T16:30:44.769+0000] {taskinstance.py:2191} INFO - Executing <Task(PythonOperator): check_raw_files> on 2026-04-20 16:30:40.763050+00:00
[2026-04-20T16:30:44.773+0000] {standard_task_runner.py:60} INFO - Started process 40 to run task
[2026-04-20T16:30:44.777+0000] {standard_task_runner.py:87} INFO - Running: ['airflow', 'tasks', 'run', 'logidata_pipeline_dag', 'check_raw_files', 'manual__2026-04-20T16:30:40.763050+00:00', '--job-id', '2', '--raw', '--subdir', 'DAGS_FOLDER/logidata_pipeline_dag.py', '--cfg-path', '/tmp/tmpa34xsto_']
[2026-04-20T16:30:44.779+0000] {standard_task_runner.py:88} INFO - Job 2: Subtask check_raw_files
[2026-04-20T16:30:44.874+0000] {task_command.py:423} INFO - Running <TaskInstance: logidata_pipeline_dag.check_raw_files manual__2026-04-20T16:30:40.763050+00:00 [running]> on host dbe539a6ad82
[2026-04-20T16:30:45.000+0000] {taskinstance.py:2480} INFO - Exporting env vars: AIRFLOW_CTX_DAG_OWNER='airflow' AIRFLOW_CTX_DAG_ID='logidata_pipeline_dag' AIRFLOW_CTX_TASK_ID='check_raw_files' AIRFLOW_CTX_EXECUTION_DATE='2026-04-20T16:30:40.763050+00:00' AIRFLOW_CTX_TRY_NUMBER='1' AIRFLOW_CTX_DAG_RUN_ID='manual__2026-04-20T16:30:40.763050+00:00'
[2026-04-20T16:30:45.314+0000] {taskinstance.py:2698} ERROR - Task failed with exception
Traceback (most recent call last):
  File "/home/airflow/.local/lib/python3.8/site-packages/airflow/models/taskinstance.py", line 433, in _execute_task
    result = execute_callable(context=context, **execute_callable_kwargs)
  File "/home/airflow/.local/lib/python3.8/site-packages/airflow/operators/python.py", line 199, in execute
    return_value = self.execute_callable()
  File "/home/airflow/.local/lib/python3.8/site-packages/airflow/operators/python.py", line 216, in execute_callable
    return self.python_callable(*self.op_args, **self.op_kwargs)
  File "/opt/airflow/dags/logidata_pipeline_dag.py", line 35, in check_raw
    response = s3.list_objects_v2(Bucket=RAW_BUCKET, Prefix=prefix, MaxKeys=1)
  File "/home/airflow/.local/lib/python3.8/site-packages/botocore/client.py", line 553, in _api_call
    return self._make_api_call(operation_name, kwargs)
  File "/home/airflow/.local/lib/python3.8/site-packages/botocore/client.py", line 989, in _make_api_call
    http, parsed_response = self._make_request(
  File "/home/airflow/.local/lib/python3.8/site-packages/botocore/client.py", line 1015, in _make_request
    return self._endpoint.make_request(operation_model, request_dict)
  File "/home/airflow/.local/lib/python3.8/site-packages/botocore/endpoint.py", line 119, in make_request
    return self._send_request(request_dict, operation_model)
  File "/home/airflow/.local/lib/python3.8/site-packages/botocore/endpoint.py", line 198, in _send_request
    request = self.create_request(request_dict, operation_model)
  File "/home/airflow/.local/lib/python3.8/site-packages/botocore/endpoint.py", line 134, in create_request
    self._event_emitter.emit(
  File "/home/airflow/.local/lib/python3.8/site-packages/botocore/hooks.py", line 412, in emit
    return self._emitter.emit(aliased_event_name, **kwargs)
  File "/home/airflow/.local/lib/python3.8/site-packages/botocore/hooks.py", line 256, in emit
    return self._emit(event_name, kwargs)
  File "/home/airflow/.local/lib/python3.8/site-packages/botocore/hooks.py", line 239, in _emit
    response = handler(**kwargs)
  File "/home/airflow/.local/lib/python3.8/site-packages/botocore/signers.py", line 105, in handler
    return self.sign(operation_name, request)
  File "/home/airflow/.local/lib/python3.8/site-packages/botocore/signers.py", line 195, in sign
    auth.add_auth(request)
  File "/home/airflow/.local/lib/python3.8/site-packages/botocore/auth.py", line 418, in add_auth
    raise NoCredentialsError()
botocore.exceptions.NoCredentialsError: Unable to locate credentials
[2026-04-20T16:30:45.337+0000] {taskinstance.py:1138} INFO - Marking task as FAILED. dag_id=logidata_pipeline_dag, task_id=check_raw_files, execution_date=20260420T163040, start_date=20260420T163044, end_date=20260420T163045
[2026-04-20T16:30:45.393+0000] {standard_task_runner.py:107} ERROR - Failed to execute job 2 for task check_raw_files (Unable to locate credentials; 40)
[2026-04-20T16:30:45.430+0000] {local_task_job_runner.py:234} INFO - Task exited with return code 1
[2026-04-20T16:30:45.467+0000] {taskinstance.py:3280} INFO - 0 downstream tasks scheduled from follow-on schedule check
