[2026-04-20T21:21:57.687+0000] {taskinstance.py:1956} INFO - Dependencies all met for dep_context=non-requeueable deps ti=<TaskInstance: logidata_pipeline_dag.run_glue_sensores_curated manual__2026-04-20T21:20:14.535652+00:00 [queued]>
[2026-04-20T21:21:57.707+0000] {taskinstance.py:1956} INFO - Dependencies all met for dep_context=requeueable deps ti=<TaskInstance: logidata_pipeline_dag.run_glue_sensores_curated manual__2026-04-20T21:20:14.535652+00:00 [queued]>
[2026-04-20T21:21:57.707+0000] {taskinstance.py:2170} INFO - Starting attempt 1 of 1
[2026-04-20T21:21:57.744+0000] {taskinstance.py:2191} INFO - Executing <Task(PythonOperator): run_glue_sensores_curated> on 2026-04-20 21:20:14.535652+00:00
[2026-04-20T21:21:57.748+0000] {standard_task_runner.py:60} INFO - Started process 747 to run task
[2026-04-20T21:21:57.752+0000] {standard_task_runner.py:87} INFO - Running: ['airflow', 'tasks', 'run', 'logidata_pipeline_dag', 'run_glue_sensores_curated', 'manual__2026-04-20T21:20:14.535652+00:00', '--job-id', '28', '--raw', '--subdir', 'DAGS_FOLDER/logidata_pipeline_dag.py', '--cfg-path', '/tmp/tmpnq9rhjr8']
[2026-04-20T21:21:57.754+0000] {standard_task_runner.py:88} INFO - Job 28: Subtask run_glue_sensores_curated
[2026-04-20T21:21:57.845+0000] {task_command.py:423} INFO - Running <TaskInstance: logidata_pipeline_dag.run_glue_sensores_curated manual__2026-04-20T21:20:14.535652+00:00 [running]> on host 8ba55271cc99
[2026-04-20T21:21:58.016+0000] {taskinstance.py:2480} INFO - Exporting env vars: AIRFLOW_CTX_DAG_OWNER='airflow' AIRFLOW_CTX_DAG_ID='logidata_pipeline_dag' AIRFLOW_CTX_TASK_ID='run_glue_sensores_curated' AIRFLOW_CTX_EXECUTION_DATE='2026-04-20T21:20:14.535652+00:00' AIRFLOW_CTX_TRY_NUMBER='1' AIRFLOW_CTX_DAG_RUN_ID='manual__2026-04-20T21:20:14.535652+00:00'
[2026-04-20T21:21:58.054+0000] {credentials.py:1278} INFO - Found credentials in shared credentials file: /home/airflow/.aws/credentials
[2026-04-20T21:21:58.680+0000] {logging_mixin.py:188} INFO - Iniciado Glue job sensores-curated-job con run_id=jr_76bdda81a45ed6ae1d5fdbf8660e3428e08e075a12c36a3131255e4e404e5d5a
[2026-04-20T21:21:58.681+0000] {logging_mixin.py:188} INFO - Argumentos: {'--RAW_DB': 'logidata_raw', '--CURATED_BUCKET': 'ejrp-g01-curated-ejrp'}
[2026-04-20T21:21:58.806+0000] {logging_mixin.py:188} INFO - sensores-curated-job -> RUNNING
[2026-04-20T21:22:18.981+0000] {logging_mixin.py:188} INFO - sensores-curated-job -> RUNNING
[2026-04-20T21:22:39.821+0000] {logging_mixin.py:188} INFO - sensores-curated-job -> RUNNING
[2026-04-20T21:23:00.433+0000] {logging_mixin.py:188} INFO - sensores-curated-job -> RUNNING
[2026-04-20T21:23:20.564+0000] {logging_mixin.py:188} INFO - sensores-curated-job -> SUCCEEDED
[2026-04-20T21:23:20.573+0000] {python.py:201} INFO - Done. Returned value was: None
[2026-04-20T21:23:20.620+0000] {taskinstance.py:1138} INFO - Marking task as SUCCESS. dag_id=logidata_pipeline_dag, task_id=run_glue_sensores_curated, execution_date=20260420T212014, start_date=20260420T212157, end_date=20260420T212320
[2026-04-20T21:23:20.712+0000] {local_task_job_runner.py:234} INFO - Task exited with return code 0
[2026-04-20T21:23:20.738+0000] {taskinstance.py:3280} INFO - 0 downstream tasks scheduled from follow-on schedule check
