[2026-04-20T23:31:04.258+0000] {taskinstance.py:1956} INFO - Dependencies all met for dep_context=non-requeueable deps ti=<TaskInstance: logidata_pipeline_dag.run_glue_dimensions manual__2026-04-20T23:24:20.066580+00:00 [queued]>
[2026-04-20T23:31:04.280+0000] {taskinstance.py:1956} INFO - Dependencies all met for dep_context=requeueable deps ti=<TaskInstance: logidata_pipeline_dag.run_glue_dimensions manual__2026-04-20T23:24:20.066580+00:00 [queued]>
[2026-04-20T23:31:04.281+0000] {taskinstance.py:2170} INFO - Starting attempt 1 of 1
[2026-04-20T23:31:04.348+0000] {taskinstance.py:2191} INFO - Executing <Task(PythonOperator): run_glue_dimensions> on 2026-04-20 23:24:20.066580+00:00
[2026-04-20T23:31:04.353+0000] {standard_task_runner.py:60} INFO - Started process 1270 to run task
[2026-04-20T23:31:04.359+0000] {standard_task_runner.py:87} INFO - Running: ['airflow', 'tasks', 'run', 'logidata_pipeline_dag', 'run_glue_dimensions', 'manual__2026-04-20T23:24:20.066580+00:00', '--job-id', '62', '--raw', '--subdir', 'DAGS_FOLDER/logidata_pipeline_dag.py', '--cfg-path', '/tmp/tmpj0vm_imt']
[2026-04-20T23:31:04.362+0000] {standard_task_runner.py:88} INFO - Job 62: Subtask run_glue_dimensions
[2026-04-20T23:31:04.487+0000] {task_command.py:423} INFO - Running <TaskInstance: logidata_pipeline_dag.run_glue_dimensions manual__2026-04-20T23:24:20.066580+00:00 [running]> on host 8ba55271cc99
[2026-04-20T23:31:04.666+0000] {taskinstance.py:2480} INFO - Exporting env vars: AIRFLOW_CTX_DAG_OWNER='airflow' AIRFLOW_CTX_DAG_ID='logidata_pipeline_dag' AIRFLOW_CTX_TASK_ID='run_glue_dimensions' AIRFLOW_CTX_EXECUTION_DATE='2026-04-20T23:24:20.066580+00:00' AIRFLOW_CTX_TRY_NUMBER='1' AIRFLOW_CTX_DAG_RUN_ID='manual__2026-04-20T23:24:20.066580+00:00'
[2026-04-20T23:31:04.704+0000] {credentials.py:1278} INFO - Found credentials in shared credentials file: /home/airflow/.aws/credentials
[2026-04-20T23:31:05.232+0000] {logging_mixin.py:188} INFO - Iniciado Glue job dimensions-job con run_id=jr_8e1a23bc06a607dd0dabc538bc3a5a2ec916fc1b7c25876b3e614f864df56633
[2026-04-20T23:31:05.233+0000] {logging_mixin.py:188} INFO - Argumentos: {'--RAW_DB': 'logidata_raw', '--CURATED_BUCKET': 'ejrp-g01-curated-ejrp'}
[2026-04-20T23:31:05.356+0000] {logging_mixin.py:188} INFO - dimensions-job -> RUNNING
[2026-04-20T23:31:26.657+0000] {logging_mixin.py:188} INFO - dimensions-job -> RUNNING
[2026-04-20T23:31:46.809+0000] {logging_mixin.py:188} INFO - dimensions-job -> RUNNING
[2026-04-20T23:32:07.904+0000] {logging_mixin.py:188} INFO - dimensions-job -> RUNNING
[2026-04-20T23:32:30.791+0000] {logging_mixin.py:188} INFO - dimensions-job -> RUNNING
[2026-04-20T23:32:50.951+0000] {logging_mixin.py:188} INFO - dimensions-job -> SUCCEEDED
[2026-04-20T23:32:50.954+0000] {python.py:201} INFO - Done. Returned value was: None
[2026-04-20T23:32:50.985+0000] {taskinstance.py:1138} INFO - Marking task as SUCCESS. dag_id=logidata_pipeline_dag, task_id=run_glue_dimensions, execution_date=20260420T232420, start_date=20260420T233104, end_date=20260420T233250
[2026-04-20T23:32:51.080+0000] {local_task_job_runner.py:234} INFO - Task exited with return code 0
[2026-04-20T23:32:51.171+0000] {taskinstance.py:3280} INFO - 1 downstream tasks scheduled from follow-on schedule check
