[2026-04-20T23:32:58.254+0000] {taskinstance.py:1956} INFO - Dependencies all met for dep_context=non-requeueable deps ti=<TaskInstance: logidata_pipeline_dag.run_curated_crawler manual__2026-04-20T23:24:20.066580+00:00 [queued]>
[2026-04-20T23:32:58.280+0000] {taskinstance.py:1956} INFO - Dependencies all met for dep_context=requeueable deps ti=<TaskInstance: logidata_pipeline_dag.run_curated_crawler manual__2026-04-20T23:24:20.066580+00:00 [queued]>
[2026-04-20T23:32:58.281+0000] {taskinstance.py:2170} INFO - Starting attempt 1 of 1
[2026-04-20T23:32:58.347+0000] {taskinstance.py:2191} INFO - Executing <Task(PythonOperator): run_curated_crawler> on 2026-04-20 23:24:20.066580+00:00
[2026-04-20T23:32:58.352+0000] {standard_task_runner.py:60} INFO - Started process 1282 to run task
[2026-04-20T23:32:58.357+0000] {standard_task_runner.py:87} INFO - Running: ['airflow', 'tasks', 'run', 'logidata_pipeline_dag', 'run_curated_crawler', 'manual__2026-04-20T23:24:20.066580+00:00', '--job-id', '63', '--raw', '--subdir', 'DAGS_FOLDER/logidata_pipeline_dag.py', '--cfg-path', '/tmp/tmpov57n5e6']
[2026-04-20T23:32:58.360+0000] {standard_task_runner.py:88} INFO - Job 63: Subtask run_curated_crawler
[2026-04-20T23:32:58.488+0000] {task_command.py:423} INFO - Running <TaskInstance: logidata_pipeline_dag.run_curated_crawler manual__2026-04-20T23:24:20.066580+00:00 [running]> on host 8ba55271cc99
[2026-04-20T23:32:58.622+0000] {taskinstance.py:2480} INFO - Exporting env vars: AIRFLOW_CTX_DAG_OWNER='airflow' AIRFLOW_CTX_DAG_ID='logidata_pipeline_dag' AIRFLOW_CTX_TASK_ID='run_curated_crawler' AIRFLOW_CTX_EXECUTION_DATE='2026-04-20T23:24:20.066580+00:00' AIRFLOW_CTX_TRY_NUMBER='1' AIRFLOW_CTX_DAG_RUN_ID='manual__2026-04-20T23:24:20.066580+00:00'
[2026-04-20T23:32:58.646+0000] {credentials.py:1278} INFO - Found credentials in shared credentials file: /home/airflow/.aws/credentials
[2026-04-20T23:33:04.137+0000] {logging_mixin.py:188} INFO - Crawler crawler-curated-ejrp iniciado
[2026-04-20T23:33:04.236+0000] {logging_mixin.py:188} INFO - Crawler state: RUNNING
[2026-04-20T23:33:19.337+0000] {logging_mixin.py:188} INFO - Crawler state: RUNNING
[2026-04-20T23:33:37.187+0000] {logging_mixin.py:188} INFO - Crawler state: RUNNING
[2026-04-20T23:33:52.303+0000] {logging_mixin.py:188} INFO - Crawler state: RUNNING
[2026-04-20T23:34:08.357+0000] {logging_mixin.py:188} INFO - Crawler state: RUNNING
[2026-04-20T23:34:23.473+0000] {logging_mixin.py:188} INFO - Crawler state: STOPPING
[2026-04-20T23:34:39.341+0000] {logging_mixin.py:188} INFO - Crawler state: STOPPING
[2026-04-20T23:34:54.560+0000] {logging_mixin.py:188} INFO - Crawler state: STOPPING
[2026-04-20T23:35:10.244+0000] {logging_mixin.py:188} INFO - Crawler state: STOPPING
[2026-04-20T23:35:25.358+0000] {logging_mixin.py:188} INFO - Crawler state: STOPPING
[2026-04-20T23:35:43.200+0000] {logging_mixin.py:188} INFO - Crawler state: STOPPING
[2026-04-20T23:35:58.308+0000] {logging_mixin.py:188} INFO - Crawler state: READY
[2026-04-20T23:35:58.309+0000] {logging_mixin.py:188} INFO - Last crawl status: SUCCEEDED
[2026-04-20T23:35:58.312+0000] {python.py:201} INFO - Done. Returned value was: None
[2026-04-20T23:35:58.337+0000] {taskinstance.py:1138} INFO - Marking task as SUCCESS. dag_id=logidata_pipeline_dag, task_id=run_curated_crawler, execution_date=20260420T232420, start_date=20260420T233258, end_date=20260420T233558
[2026-04-20T23:35:58.417+0000] {local_task_job_runner.py:234} INFO - Task exited with return code 0
[2026-04-20T23:35:58.475+0000] {taskinstance.py:3280} INFO - 1 downstream tasks scheduled from follow-on schedule check
