[2026-04-20T22:45:12.492+0000] {taskinstance.py:1956} INFO - Dependencies all met for dep_context=non-requeueable deps ti=<TaskInstance: logidata_pipeline_dag.run_glue_dimensions manual__2026-04-20T22:41:41.756794+00:00 [queued]>
[2026-04-20T22:45:12.514+0000] {taskinstance.py:1956} INFO - Dependencies all met for dep_context=requeueable deps ti=<TaskInstance: logidata_pipeline_dag.run_glue_dimensions manual__2026-04-20T22:41:41.756794+00:00 [queued]>
[2026-04-20T22:45:12.515+0000] {taskinstance.py:2170} INFO - Starting attempt 1 of 1
[2026-04-20T22:45:12.565+0000] {taskinstance.py:2191} INFO - Executing <Task(PythonOperator): run_glue_dimensions> on 2026-04-20 22:41:41.756794+00:00
[2026-04-20T22:45:12.570+0000] {standard_task_runner.py:60} INFO - Started process 1125 to run task
[2026-04-20T22:45:12.574+0000] {standard_task_runner.py:87} INFO - Running: ['airflow', 'tasks', 'run', 'logidata_pipeline_dag', 'run_glue_dimensions', 'manual__2026-04-20T22:41:41.756794+00:00', '--job-id', '54', '--raw', '--subdir', 'DAGS_FOLDER/logidata_pipeline_dag.py', '--cfg-path', '/tmp/tmpced0ugme']
[2026-04-20T22:45:12.576+0000] {standard_task_runner.py:88} INFO - Job 54: Subtask run_glue_dimensions
[2026-04-20T22:45:12.652+0000] {task_command.py:423} INFO - Running <TaskInstance: logidata_pipeline_dag.run_glue_dimensions manual__2026-04-20T22:41:41.756794+00:00 [running]> on host 8ba55271cc99
[2026-04-20T22:45:12.744+0000] {taskinstance.py:2480} INFO - Exporting env vars: AIRFLOW_CTX_DAG_OWNER='airflow' AIRFLOW_CTX_DAG_ID='logidata_pipeline_dag' AIRFLOW_CTX_TASK_ID='run_glue_dimensions' AIRFLOW_CTX_EXECUTION_DATE='2026-04-20T22:41:41.756794+00:00' AIRFLOW_CTX_TRY_NUMBER='1' AIRFLOW_CTX_DAG_RUN_ID='manual__2026-04-20T22:41:41.756794+00:00'
[2026-04-20T22:45:12.775+0000] {credentials.py:1278} INFO - Found credentials in shared credentials file: /home/airflow/.aws/credentials
[2026-04-20T22:45:13.280+0000] {logging_mixin.py:188} INFO - Iniciado Glue job dimensions-job con run_id=jr_6f978affa49a9ab3d890ccf67991af52d72f2b35209c85ea46731b58eaeb82cf
[2026-04-20T22:45:13.281+0000] {logging_mixin.py:188} INFO - Argumentos: {'--RAW_DB': 'logidata_raw', '--CURATED_BUCKET': 'ejrp-g01-curated-ejrp'}
[2026-04-20T22:45:13.412+0000] {logging_mixin.py:188} INFO - dimensions-job -> RUNNING
[2026-04-20T22:45:36.327+0000] {logging_mixin.py:188} INFO - dimensions-job -> RUNNING
[2026-04-20T22:45:59.215+0000] {logging_mixin.py:188} INFO - dimensions-job -> RUNNING
[2026-04-20T22:46:19.377+0000] {logging_mixin.py:188} INFO - dimensions-job -> RUNNING
[2026-04-20T22:46:42.260+0000] {logging_mixin.py:188} INFO - dimensions-job -> RUNNING
[2026-04-20T22:47:03.167+0000] {logging_mixin.py:188} INFO - dimensions-job -> SUCCEEDED
[2026-04-20T22:47:03.172+0000] {python.py:201} INFO - Done. Returned value was: None
[2026-04-20T22:47:03.219+0000] {taskinstance.py:1138} INFO - Marking task as SUCCESS. dag_id=logidata_pipeline_dag, task_id=run_glue_dimensions, execution_date=20260420T224141, start_date=20260420T224512, end_date=20260420T224703
[2026-04-20T22:49:44.341+0000] {local_task_job_runner.py:234} INFO - Task exited with return code 0
[2026-04-20T22:49:44.457+0000] {taskinstance.py:3280} INFO - 1 downstream tasks scheduled from follow-on schedule check
