[2026-04-20T19:06:56.497+0000] {taskinstance.py:1956} INFO - Dependencies all met for dep_context=non-requeueable deps ti=<TaskInstance: logidata_pipeline_dag.run_glue_dimensions manual__2026-04-20T18:59:53.321700+00:00 [queued]>
[2026-04-20T19:06:56.514+0000] {taskinstance.py:1956} INFO - Dependencies all met for dep_context=requeueable deps ti=<TaskInstance: logidata_pipeline_dag.run_glue_dimensions manual__2026-04-20T18:59:53.321700+00:00 [queued]>
[2026-04-20T19:06:56.515+0000] {taskinstance.py:2170} INFO - Starting attempt 1 of 1
[2026-04-20T19:06:56.563+0000] {taskinstance.py:2191} INFO - Executing <Task(PythonOperator): run_glue_dimensions> on 2026-04-20 18:59:53.321700+00:00
[2026-04-20T19:06:56.569+0000] {standard_task_runner.py:60} INFO - Started process 399 to run task
[2026-04-20T19:06:56.575+0000] {standard_task_runner.py:87} INFO - Running: ['airflow', 'tasks', 'run', 'logidata_pipeline_dag', 'run_glue_dimensions', 'manual__2026-04-20T18:59:53.321700+00:00', '--job-id', '18', '--raw', '--subdir', 'DAGS_FOLDER/logidata_pipeline_dag.py', '--cfg-path', '/tmp/tmpax4igz4_']
[2026-04-20T19:06:56.578+0000] {standard_task_runner.py:88} INFO - Job 18: Subtask run_glue_dimensions
[2026-04-20T19:06:56.710+0000] {task_command.py:423} INFO - Running <TaskInstance: logidata_pipeline_dag.run_glue_dimensions manual__2026-04-20T18:59:53.321700+00:00 [running]> on host 8ba55271cc99
[2026-04-20T19:06:56.859+0000] {taskinstance.py:2480} INFO - Exporting env vars: AIRFLOW_CTX_DAG_OWNER='airflow' AIRFLOW_CTX_DAG_ID='logidata_pipeline_dag' AIRFLOW_CTX_TASK_ID='run_glue_dimensions' AIRFLOW_CTX_EXECUTION_DATE='2026-04-20T18:59:53.321700+00:00' AIRFLOW_CTX_TRY_NUMBER='1' AIRFLOW_CTX_DAG_RUN_ID='manual__2026-04-20T18:59:53.321700+00:00'
[2026-04-20T19:06:56.884+0000] {credentials.py:1278} INFO - Found credentials in shared credentials file: /home/airflow/.aws/credentials
[2026-04-20T19:06:57.451+0000] {logging_mixin.py:188} INFO - Iniciado Glue job dimensions-job con run_id=jr_34415b2fbe3d6e0f6b9790a821db051e3d8b5865753d1a6120124254dd405539
[2026-04-20T19:06:57.452+0000] {logging_mixin.py:188} INFO - Argumentos: {'--RAW_DB': 'logidata_raw', '--CURATED_BUCKET': 'ejrp-g01-curated-ejrp'}
[2026-04-20T19:06:57.604+0000] {logging_mixin.py:188} INFO - dimensions-job -> RUNNING
[2026-04-20T19:07:18.676+0000] {logging_mixin.py:188} INFO - dimensions-job -> RUNNING
[2026-04-20T19:07:38.821+0000] {logging_mixin.py:188} INFO - dimensions-job -> RUNNING
[2026-04-20T19:08:01.716+0000] {logging_mixin.py:188} INFO - dimensions-job -> RUNNING
[2026-04-20T19:08:24.602+0000] {logging_mixin.py:188} INFO - dimensions-job -> SUCCEEDED
[2026-04-20T19:08:24.604+0000] {python.py:201} INFO - Done. Returned value was: None
[2026-04-20T19:08:24.621+0000] {taskinstance.py:1138} INFO - Marking task as SUCCESS. dag_id=logidata_pipeline_dag, task_id=run_glue_dimensions, execution_date=20260420T185953, start_date=20260420T190656, end_date=20260420T190824
[2026-04-20T19:08:24.708+0000] {local_task_job_runner.py:234} INFO - Task exited with return code 0
[2026-04-20T19:08:24.762+0000] {taskinstance.py:3280} INFO - 1 downstream tasks scheduled from follow-on schedule check
