[2026-04-20T20:26:05.755+0000] {taskinstance.py:1956} INFO - Dependencies all met for dep_context=non-requeueable deps ti=<TaskInstance: logidata_pipeline_dag.run_glue_pedidos_curated manual__2026-04-20T20:25:56.271104+00:00 [queued]>
[2026-04-20T20:26:05.778+0000] {taskinstance.py:1956} INFO - Dependencies all met for dep_context=requeueable deps ti=<TaskInstance: logidata_pipeline_dag.run_glue_pedidos_curated manual__2026-04-20T20:25:56.271104+00:00 [queued]>
[2026-04-20T20:26:05.779+0000] {taskinstance.py:2170} INFO - Starting attempt 1 of 1
[2026-04-20T20:26:05.845+0000] {taskinstance.py:2191} INFO - Executing <Task(PythonOperator): run_glue_pedidos_curated> on 2026-04-20 20:25:56.271104+00:00
[2026-04-20T20:26:05.849+0000] {standard_task_runner.py:60} INFO - Started process 607 to run task
[2026-04-20T20:26:05.852+0000] {standard_task_runner.py:87} INFO - Running: ['airflow', 'tasks', 'run', 'logidata_pipeline_dag', 'run_glue_pedidos_curated', 'manual__2026-04-20T20:25:56.271104+00:00', '--job-id', '24', '--raw', '--subdir', 'DAGS_FOLDER/logidata_pipeline_dag.py', '--cfg-path', '/tmp/tmp9m4qd92n']
[2026-04-20T20:26:05.854+0000] {standard_task_runner.py:88} INFO - Job 24: Subtask run_glue_pedidos_curated
[2026-04-20T20:26:05.931+0000] {task_command.py:423} INFO - Running <TaskInstance: logidata_pipeline_dag.run_glue_pedidos_curated manual__2026-04-20T20:25:56.271104+00:00 [running]> on host 8ba55271cc99
[2026-04-20T20:26:06.073+0000] {taskinstance.py:2480} INFO - Exporting env vars: AIRFLOW_CTX_DAG_OWNER='airflow' AIRFLOW_CTX_DAG_ID='logidata_pipeline_dag' AIRFLOW_CTX_TASK_ID='run_glue_pedidos_curated' AIRFLOW_CTX_EXECUTION_DATE='2026-04-20T20:25:56.271104+00:00' AIRFLOW_CTX_TRY_NUMBER='1' AIRFLOW_CTX_DAG_RUN_ID='manual__2026-04-20T20:25:56.271104+00:00'
[2026-04-20T20:26:06.105+0000] {credentials.py:1278} INFO - Found credentials in shared credentials file: /home/airflow/.aws/credentials
[2026-04-20T20:26:06.581+0000] {logging_mixin.py:188} INFO - Iniciado Glue job pedidos-curated-job con run_id=jr_ca992499e730c48c28b8e6745c3d7032f746d03a63aa4a404f1838f30ec21ff8
[2026-04-20T20:26:06.583+0000] {logging_mixin.py:188} INFO - Argumentos: {'--RAW_DB': 'logidata_raw', '--CURATED_BUCKET': 'ejrp-g01-curated-ejrp', '--force_refresh': 'true'}
[2026-04-20T20:26:06.688+0000] {logging_mixin.py:188} INFO - pedidos-curated-job -> RUNNING
[2026-04-20T20:26:29.554+0000] {logging_mixin.py:188} INFO - pedidos-curated-job -> RUNNING
[2026-04-20T20:26:49.721+0000] {logging_mixin.py:188} INFO - pedidos-curated-job -> RUNNING
[2026-04-20T20:27:12.591+0000] {logging_mixin.py:188} INFO - pedidos-curated-job -> RUNNING
[2026-04-20T20:27:35.461+0000] {logging_mixin.py:188} INFO - pedidos-curated-job -> FAILED
[2026-04-20T20:27:35.483+0000] {taskinstance.py:2698} ERROR - Task failed with exception
Traceback (most recent call last):
  File "/home/airflow/.local/lib/python3.8/site-packages/airflow/models/taskinstance.py", line 433, in _execute_task
    result = execute_callable(context=context, **execute_callable_kwargs)
  File "/home/airflow/.local/lib/python3.8/site-packages/airflow/operators/python.py", line 199, in execute
    return_value = self.execute_callable()
  File "/home/airflow/.local/lib/python3.8/site-packages/airflow/operators/python.py", line 216, in execute_callable
    return self.python_callable(*self.op_args, **self.op_kwargs)
  File "/opt/airflow/dags/logidata_pipeline_dag.py", line 67, in run_glue_pedidos
    run_glue(
  File "/opt/airflow/dags/logidata_pipeline_dag.py", line 61, in run_glue
    raise AirflowException(f"{job_name} falló: {error_message}")
airflow.exceptions.AirflowException: pedidos-curated-job falló: AnalysisException: Column 'estado' does not exist. Did you mean one of the following? [monto, precio, mes_pedido, vehiculo, categoria, id_pedido, periodo_ym, conductor, fecha_pedido, hora_real, anio_pedido, id_producto, id_cliente, tipo_entrega, fecha_pedido_ts, hora_real_ts, tipo_cliente, fecha_pedido_date, hora_programada, zona_entrega_raw, zona_cliente_raw, hora_programada_ts, nombre_cliente_raw, minutos_desviacion_entrega];
[2026-04-20T20:27:35.495+0000] {taskinstance.py:1138} INFO - Marking task as FAILED. dag_id=logidata_pipeline_dag, task_id=run_glue_pedidos_curated, execution_date=20260420T202556, start_date=20260420T202605, end_date=20260420T202735
[2026-04-20T20:27:35.550+0000] {standard_task_runner.py:107} ERROR - Failed to execute job 24 for task run_glue_pedidos_curated (pedidos-curated-job falló: AnalysisException: Column 'estado' does not exist. Did you mean one of the following? [monto, precio, mes_pedido, vehiculo, categoria, id_pedido, periodo_ym, conductor, fecha_pedido, hora_real, anio_pedido, id_producto, id_cliente, tipo_entrega, fecha_pedido_ts, hora_real_ts, tipo_cliente, fecha_pedido_date, hora_programada, zona_entrega_raw, zona_cliente_raw, hora_programada_ts, nombre_cliente_raw, minutos_desviacion_entrega];; 607)
[2026-04-20T20:27:35.561+0000] {local_task_job_runner.py:234} INFO - Task exited with return code 1
[2026-04-20T20:27:35.596+0000] {taskinstance.py:3280} INFO - 0 downstream tasks scheduled from follow-on schedule check
