[2026-04-20T22:49:49.516+0000] {taskinstance.py:1956} INFO - Dependencies all met for dep_context=non-requeueable deps ti=<TaskInstance: logidata_pipeline_dag.run_curated_crawler manual__2026-04-20T22:41:41.756794+00:00 [queued]>
[2026-04-20T22:49:49.529+0000] {taskinstance.py:1956} INFO - Dependencies all met for dep_context=requeueable deps ti=<TaskInstance: logidata_pipeline_dag.run_curated_crawler manual__2026-04-20T22:41:41.756794+00:00 [queued]>
[2026-04-20T22:49:49.530+0000] {taskinstance.py:2170} INFO - Starting attempt 1 of 1
[2026-04-20T22:49:49.573+0000] {taskinstance.py:2191} INFO - Executing <Task(PythonOperator): run_curated_crawler> on 2026-04-20 22:41:41.756794+00:00
[2026-04-20T22:49:49.578+0000] {standard_task_runner.py:60} INFO - Started process 1137 to run task
[2026-04-20T22:49:49.582+0000] {standard_task_runner.py:87} INFO - Running: ['airflow', 'tasks', 'run', 'logidata_pipeline_dag', 'run_curated_crawler', 'manual__2026-04-20T22:41:41.756794+00:00', '--job-id', '55', '--raw', '--subdir', 'DAGS_FOLDER/logidata_pipeline_dag.py', '--cfg-path', '/tmp/tmpfe5zob2z']
[2026-04-20T22:49:49.585+0000] {standard_task_runner.py:88} INFO - Job 55: Subtask run_curated_crawler
[2026-04-20T22:49:49.710+0000] {task_command.py:423} INFO - Running <TaskInstance: logidata_pipeline_dag.run_curated_crawler manual__2026-04-20T22:41:41.756794+00:00 [running]> on host 8ba55271cc99
[2026-04-20T22:49:49.834+0000] {taskinstance.py:2480} INFO - Exporting env vars: AIRFLOW_CTX_DAG_OWNER='airflow' AIRFLOW_CTX_DAG_ID='logidata_pipeline_dag' AIRFLOW_CTX_TASK_ID='run_curated_crawler' AIRFLOW_CTX_EXECUTION_DATE='2026-04-20T22:41:41.756794+00:00' AIRFLOW_CTX_TRY_NUMBER='1' AIRFLOW_CTX_DAG_RUN_ID='manual__2026-04-20T22:41:41.756794+00:00'
[2026-04-20T22:49:49.867+0000] {credentials.py:1278} INFO - Found credentials in shared credentials file: /home/airflow/.aws/credentials
[2026-04-20T22:49:50.911+0000] {logging_mixin.py:188} INFO - Crawler crawler-curated-ejrp iniciado
[2026-04-20T22:49:51.033+0000] {logging_mixin.py:188} INFO - Crawler state: RUNNING
[2026-04-20T22:50:07.261+0000] {logging_mixin.py:188} INFO - Crawler state: RUNNING
[2026-04-20T22:50:22.403+0000] {logging_mixin.py:188} INFO - Crawler state: RUNNING
[2026-04-20T22:50:38.426+0000] {logging_mixin.py:188} INFO - Crawler state: RUNNING
[2026-04-20T22:50:53.543+0000] {logging_mixin.py:188} INFO - Crawler state: RUNNING
[2026-04-20T22:51:11.393+0000] {logging_mixin.py:188} INFO - Crawler state: STOPPING
[2026-04-20T22:51:26.530+0000] {logging_mixin.py:188} INFO - Crawler state: STOPPING
[2026-04-20T22:51:44.418+0000] {logging_mixin.py:188} INFO - Crawler state: STOPPING
[2026-04-20T22:51:59.561+0000] {logging_mixin.py:188} INFO - Crawler state: STOPPING
[2026-04-20T22:52:17.435+0000] {logging_mixin.py:188} INFO - Crawler state: STOPPING
[2026-04-20T22:52:32.568+0000] {logging_mixin.py:188} INFO - Crawler state: STOPPING
[2026-04-20T22:52:48.600+0000] {logging_mixin.py:188} INFO - Crawler state: STOPPING
[2026-04-20T22:53:03.727+0000] {logging_mixin.py:188} INFO - Crawler state: READY
[2026-04-20T22:53:03.728+0000] {logging_mixin.py:188} INFO - Last crawl status: SUCCEEDED
[2026-04-20T22:53:03.734+0000] {python.py:201} INFO - Done. Returned value was: None
[2026-04-20T22:53:03.756+0000] {taskinstance.py:1138} INFO - Marking task as SUCCESS. dag_id=logidata_pipeline_dag, task_id=run_curated_crawler, execution_date=20260420T224141, start_date=20260420T224949, end_date=20260420T225303
[2026-04-20T22:53:03.855+0000] {local_task_job_runner.py:234} INFO - Task exited with return code 0
[2026-04-20T22:53:03.920+0000] {taskinstance.py:3280} INFO - 1 downstream tasks scheduled from follow-on schedule check
