[2026-04-20T21:50:14.522+0000] {taskinstance.py:1956} INFO - Dependencies all met for dep_context=non-requeueable deps ti=<TaskInstance: logidata_pipeline_dag.run_glue_sensores_curated manual__2026-04-20T21:47:54.920885+00:00 [queued]>
[2026-04-20T21:50:14.545+0000] {taskinstance.py:1956} INFO - Dependencies all met for dep_context=requeueable deps ti=<TaskInstance: logidata_pipeline_dag.run_glue_sensores_curated manual__2026-04-20T21:47:54.920885+00:00 [queued]>
[2026-04-20T21:50:14.546+0000] {taskinstance.py:2170} INFO - Starting attempt 1 of 1
[2026-04-20T21:50:14.603+0000] {taskinstance.py:2191} INFO - Executing <Task(PythonOperator): run_glue_sensores_curated> on 2026-04-20 21:47:54.920885+00:00
[2026-04-20T21:50:14.608+0000] {standard_task_runner.py:60} INFO - Started process 847 to run task
[2026-04-20T21:50:14.611+0000] {standard_task_runner.py:87} INFO - Running: ['airflow', 'tasks', 'run', 'logidata_pipeline_dag', 'run_glue_sensores_curated', 'manual__2026-04-20T21:47:54.920885+00:00', '--job-id', '34', '--raw', '--subdir', 'DAGS_FOLDER/logidata_pipeline_dag.py', '--cfg-path', '/tmp/tmpe_c7nh2m']
[2026-04-20T21:50:14.614+0000] {standard_task_runner.py:88} INFO - Job 34: Subtask run_glue_sensores_curated
[2026-04-20T21:50:14.691+0000] {task_command.py:423} INFO - Running <TaskInstance: logidata_pipeline_dag.run_glue_sensores_curated manual__2026-04-20T21:47:54.920885+00:00 [running]> on host 8ba55271cc99
[2026-04-20T21:50:14.814+0000] {taskinstance.py:2480} INFO - Exporting env vars: AIRFLOW_CTX_DAG_OWNER='airflow' AIRFLOW_CTX_DAG_ID='logidata_pipeline_dag' AIRFLOW_CTX_TASK_ID='run_glue_sensores_curated' AIRFLOW_CTX_EXECUTION_DATE='2026-04-20T21:47:54.920885+00:00' AIRFLOW_CTX_TRY_NUMBER='1' AIRFLOW_CTX_DAG_RUN_ID='manual__2026-04-20T21:47:54.920885+00:00'
[2026-04-20T21:50:14.843+0000] {credentials.py:1278} INFO - Found credentials in shared credentials file: /home/airflow/.aws/credentials
[2026-04-20T21:50:15.371+0000] {logging_mixin.py:188} INFO - Iniciado Glue job sensores-curated-job con run_id=jr_ca4376ff3ef7bc6b1e583ecc67efcad0dbbfcca5b296366df223f5eb54dbd416
[2026-04-20T21:50:15.373+0000] {logging_mixin.py:188} INFO - Argumentos: {'--RAW_DB': 'logidata_raw', '--CURATED_BUCKET': 'ejrp-g01-curated-ejrp'}
[2026-04-20T21:50:15.499+0000] {logging_mixin.py:188} INFO - sensores-curated-job -> RUNNING
[2026-04-20T21:50:36.674+0000] {logging_mixin.py:188} INFO - sensores-curated-job -> RUNNING
[2026-04-20T21:50:59.566+0000] {logging_mixin.py:188} INFO - sensores-curated-job -> RUNNING
[2026-04-20T21:51:19.720+0000] {logging_mixin.py:188} INFO - sensores-curated-job -> RUNNING
[2026-04-20T21:51:42.600+0000] {logging_mixin.py:188} INFO - sensores-curated-job -> RUNNING
[2026-04-20T21:52:03.906+0000] {logging_mixin.py:188} INFO - sensores-curated-job -> SUCCEEDED
[2026-04-20T21:52:03.910+0000] {python.py:201} INFO - Done. Returned value was: None
[2026-04-20T21:52:03.931+0000] {taskinstance.py:1138} INFO - Marking task as SUCCESS. dag_id=logidata_pipeline_dag, task_id=run_glue_sensores_curated, execution_date=20260420T214754, start_date=20260420T215014, end_date=20260420T215203
[2026-04-20T21:52:03.973+0000] {local_task_job_runner.py:234} INFO - Task exited with return code 0
[2026-04-20T21:52:04.017+0000] {taskinstance.py:3280} INFO - 1 downstream tasks scheduled from follow-on schedule check
