[2026-04-20T22:43:43.340+0000] {taskinstance.py:1956} INFO - Dependencies all met for dep_context=non-requeueable deps ti=<TaskInstance: logidata_pipeline_dag.run_glue_sensores_curated manual__2026-04-20T22:41:41.756794+00:00 [queued]>
[2026-04-20T22:43:43.352+0000] {taskinstance.py:1956} INFO - Dependencies all met for dep_context=requeueable deps ti=<TaskInstance: logidata_pipeline_dag.run_glue_sensores_curated manual__2026-04-20T22:41:41.756794+00:00 [queued]>
[2026-04-20T22:43:43.353+0000] {taskinstance.py:2170} INFO - Starting attempt 1 of 1
[2026-04-20T22:43:43.398+0000] {taskinstance.py:2191} INFO - Executing <Task(PythonOperator): run_glue_sensores_curated> on 2026-04-20 22:41:41.756794+00:00
[2026-04-20T22:43:43.403+0000] {standard_task_runner.py:60} INFO - Started process 1113 to run task
[2026-04-20T22:43:43.408+0000] {standard_task_runner.py:87} INFO - Running: ['airflow', 'tasks', 'run', 'logidata_pipeline_dag', 'run_glue_sensores_curated', 'manual__2026-04-20T22:41:41.756794+00:00', '--job-id', '53', '--raw', '--subdir', 'DAGS_FOLDER/logidata_pipeline_dag.py', '--cfg-path', '/tmp/tmp83lzg50p']
[2026-04-20T22:43:43.411+0000] {standard_task_runner.py:88} INFO - Job 53: Subtask run_glue_sensores_curated
[2026-04-20T22:43:43.528+0000] {task_command.py:423} INFO - Running <TaskInstance: logidata_pipeline_dag.run_glue_sensores_curated manual__2026-04-20T22:41:41.756794+00:00 [running]> on host 8ba55271cc99
[2026-04-20T22:43:43.689+0000] {taskinstance.py:2480} INFO - Exporting env vars: AIRFLOW_CTX_DAG_OWNER='airflow' AIRFLOW_CTX_DAG_ID='logidata_pipeline_dag' AIRFLOW_CTX_TASK_ID='run_glue_sensores_curated' AIRFLOW_CTX_EXECUTION_DATE='2026-04-20T22:41:41.756794+00:00' AIRFLOW_CTX_TRY_NUMBER='1' AIRFLOW_CTX_DAG_RUN_ID='manual__2026-04-20T22:41:41.756794+00:00'
[2026-04-20T22:43:43.720+0000] {credentials.py:1278} INFO - Found credentials in shared credentials file: /home/airflow/.aws/credentials
[2026-04-20T22:43:44.273+0000] {logging_mixin.py:188} INFO - Iniciado Glue job sensores-curated-job con run_id=jr_80c49513a0c891b93e6efa11a1e7606ab36ed1128feba330afc68253c6f0ffb8
[2026-04-20T22:43:44.275+0000] {logging_mixin.py:188} INFO - Argumentos: {'--RAW_DB': 'logidata_raw', '--CURATED_BUCKET': 'ejrp-g01-curated-ejrp'}
[2026-04-20T22:43:44.380+0000] {logging_mixin.py:188} INFO - sensores-curated-job -> RUNNING
[2026-04-20T22:44:05.674+0000] {logging_mixin.py:188} INFO - sensores-curated-job -> RUNNING
[2026-04-20T22:44:26.824+0000] {logging_mixin.py:188} INFO - sensores-curated-job -> RUNNING
[2026-04-20T22:44:46.960+0000] {logging_mixin.py:188} INFO - sensores-curated-job -> RUNNING
[2026-04-20T22:45:07.853+0000] {logging_mixin.py:188} INFO - sensores-curated-job -> SUCCEEDED
[2026-04-20T22:45:07.856+0000] {python.py:201} INFO - Done. Returned value was: None
[2026-04-20T22:45:07.875+0000] {taskinstance.py:1138} INFO - Marking task as SUCCESS. dag_id=logidata_pipeline_dag, task_id=run_glue_sensores_curated, execution_date=20260420T224141, start_date=20260420T224343, end_date=20260420T224507
[2026-04-20T22:45:07.978+0000] {local_task_job_runner.py:234} INFO - Task exited with return code 0
[2026-04-20T22:45:08.015+0000] {taskinstance.py:3280} INFO - 1 downstream tasks scheduled from follow-on schedule check
