[2026-04-20T17:11:53.571+0000] {taskinstance.py:1956} INFO - Dependencies all met for dep_context=non-requeueable deps ti=<TaskInstance: logidata_pipeline_dag.run_glue_dimensions manual__2026-04-20T17:07:58.370539+00:00 [queued]>
[2026-04-20T17:11:53.586+0000] {taskinstance.py:1956} INFO - Dependencies all met for dep_context=requeueable deps ti=<TaskInstance: logidata_pipeline_dag.run_glue_dimensions manual__2026-04-20T17:07:58.370539+00:00 [queued]>
[2026-04-20T17:11:53.587+0000] {taskinstance.py:2170} INFO - Starting attempt 1 of 1
[2026-04-20T17:11:53.648+0000] {taskinstance.py:2191} INFO - Executing <Task(PythonOperator): run_glue_dimensions> on 2026-04-20 17:07:58.370539+00:00
[2026-04-20T17:11:53.652+0000] {standard_task_runner.py:60} INFO - Started process 88 to run task
[2026-04-20T17:11:53.658+0000] {standard_task_runner.py:87} INFO - Running: ['airflow', 'tasks', 'run', 'logidata_pipeline_dag', 'run_glue_dimensions', 'manual__2026-04-20T17:07:58.370539+00:00', '--job-id', '8', '--raw', '--subdir', 'DAGS_FOLDER/logidata_pipeline_dag.py', '--cfg-path', '/tmp/tmpc3jjht01']
[2026-04-20T17:11:53.660+0000] {standard_task_runner.py:88} INFO - Job 8: Subtask run_glue_dimensions
[2026-04-20T17:11:53.786+0000] {task_command.py:423} INFO - Running <TaskInstance: logidata_pipeline_dag.run_glue_dimensions manual__2026-04-20T17:07:58.370539+00:00 [running]> on host 8ba55271cc99
[2026-04-20T17:11:53.922+0000] {taskinstance.py:2480} INFO - Exporting env vars: AIRFLOW_CTX_DAG_OWNER='airflow' AIRFLOW_CTX_DAG_ID='logidata_pipeline_dag' AIRFLOW_CTX_TASK_ID='run_glue_dimensions' AIRFLOW_CTX_EXECUTION_DATE='2026-04-20T17:07:58.370539+00:00' AIRFLOW_CTX_TRY_NUMBER='1' AIRFLOW_CTX_DAG_RUN_ID='manual__2026-04-20T17:07:58.370539+00:00'
[2026-04-20T17:11:53.950+0000] {credentials.py:1278} INFO - Found credentials in shared credentials file: /home/airflow/.aws/credentials
[2026-04-20T17:11:54.552+0000] {logging_mixin.py:188} INFO - Iniciado Glue job dimensions-job con run_id=jr_c580c8f44c7b3e421c11b68c0545c34db43aa476f90aec81e329168e85e17936
[2026-04-20T17:11:54.553+0000] {logging_mixin.py:188} INFO - Argumentos: {'--RAW_DB': 'logidata_raw', '--CURATED_BUCKET': 'ejrp-g01-curated-ejrp'}
[2026-04-20T17:11:54.665+0000] {logging_mixin.py:188} INFO - dimensions-job -> RUNNING
[2026-04-20T17:12:17.613+0000] {logging_mixin.py:188} INFO - dimensions-job -> RUNNING
[2026-04-20T17:12:38.319+0000] {logging_mixin.py:188} INFO - dimensions-job -> RUNNING
[2026-04-20T17:12:58.462+0000] {logging_mixin.py:188} INFO - dimensions-job -> RUNNING
[2026-04-20T17:13:19.690+0000] {logging_mixin.py:188} INFO - dimensions-job -> SUCCEEDED
[2026-04-20T17:13:19.695+0000] {python.py:201} INFO - Done. Returned value was: None
[2026-04-20T17:13:19.743+0000] {taskinstance.py:1138} INFO - Marking task as SUCCESS. dag_id=logidata_pipeline_dag, task_id=run_glue_dimensions, execution_date=20260420T170758, start_date=20260420T171153, end_date=20260420T171319
[2026-04-20T17:13:19.824+0000] {local_task_job_runner.py:234} INFO - Task exited with return code 0
[2026-04-20T17:13:19.871+0000] {taskinstance.py:3280} INFO - 1 downstream tasks scheduled from follow-on schedule check
