[2026-04-20T22:16:20.005+0000] {taskinstance.py:1956} INFO - Dependencies all met for dep_context=non-requeueable deps ti=<TaskInstance: logidata_pipeline_dag.run_glue_pedidos_curated manual__2026-04-20T22:16:10.553603+00:00 [queued]>
[2026-04-20T22:16:20.023+0000] {taskinstance.py:1956} INFO - Dependencies all met for dep_context=requeueable deps ti=<TaskInstance: logidata_pipeline_dag.run_glue_pedidos_curated manual__2026-04-20T22:16:10.553603+00:00 [queued]>
[2026-04-20T22:16:20.024+0000] {taskinstance.py:2170} INFO - Starting attempt 1 of 1
[2026-04-20T22:16:20.067+0000] {taskinstance.py:2191} INFO - Executing <Task(PythonOperator): run_glue_pedidos_curated> on 2026-04-20 22:16:10.553603+00:00
[2026-04-20T22:16:20.074+0000] {standard_task_runner.py:60} INFO - Started process 988 to run task
[2026-04-20T22:16:20.077+0000] {standard_task_runner.py:87} INFO - Running: ['airflow', 'tasks', 'run', 'logidata_pipeline_dag', 'run_glue_pedidos_curated', 'manual__2026-04-20T22:16:10.553603+00:00', '--job-id', '44', '--raw', '--subdir', 'DAGS_FOLDER/logidata_pipeline_dag.py', '--cfg-path', '/tmp/tmpdqi0mgtk']
[2026-04-20T22:16:20.080+0000] {standard_task_runner.py:88} INFO - Job 44: Subtask run_glue_pedidos_curated
[2026-04-20T22:16:20.162+0000] {task_command.py:423} INFO - Running <TaskInstance: logidata_pipeline_dag.run_glue_pedidos_curated manual__2026-04-20T22:16:10.553603+00:00 [running]> on host 8ba55271cc99
[2026-04-20T22:16:20.315+0000] {taskinstance.py:2480} INFO - Exporting env vars: AIRFLOW_CTX_DAG_OWNER='airflow' AIRFLOW_CTX_DAG_ID='logidata_pipeline_dag' AIRFLOW_CTX_TASK_ID='run_glue_pedidos_curated' AIRFLOW_CTX_EXECUTION_DATE='2026-04-20T22:16:10.553603+00:00' AIRFLOW_CTX_TRY_NUMBER='1' AIRFLOW_CTX_DAG_RUN_ID='manual__2026-04-20T22:16:10.553603+00:00'
[2026-04-20T22:16:20.348+0000] {credentials.py:1278} INFO - Found credentials in shared credentials file: /home/airflow/.aws/credentials
[2026-04-20T22:16:20.912+0000] {logging_mixin.py:188} INFO - Iniciado Glue job pedidos-curated-job con run_id=jr_5eee5080ff4a104b608ec9d0456013803dbe35bd6ea6e207fd7de0ed1bf646a0
[2026-04-20T22:16:20.913+0000] {logging_mixin.py:188} INFO - Argumentos: {'--RAW_DB': 'logidata_raw', '--CURATED_BUCKET': 'ejrp-g01-curated-ejrp', '--force_refresh': 'true'}
[2026-04-20T22:16:21.041+0000] {logging_mixin.py:188} INFO - pedidos-curated-job -> RUNNING
[2026-04-20T22:16:41.195+0000] {logging_mixin.py:188} INFO - pedidos-curated-job -> RUNNING
[2026-04-20T22:17:02.538+0000] {logging_mixin.py:188} INFO - pedidos-curated-job -> RUNNING
[2026-04-20T22:17:23.635+0000] {logging_mixin.py:188} INFO - pedidos-curated-job -> RUNNING
[2026-04-20T22:17:43.812+0000] {logging_mixin.py:188} INFO - pedidos-curated-job -> RUNNING
[2026-04-20T22:18:06.731+0000] {logging_mixin.py:188} INFO - pedidos-curated-job -> RUNNING
[2026-04-20T22:18:29.638+0000] {logging_mixin.py:188} INFO - pedidos-curated-job -> RUNNING
[2026-04-20T22:18:49.782+0000] {logging_mixin.py:188} INFO - pedidos-curated-job -> SUCCEEDED
[2026-04-20T22:18:49.787+0000] {python.py:201} INFO - Done. Returned value was: None
[2026-04-20T22:18:49.828+0000] {taskinstance.py:1138} INFO - Marking task as SUCCESS. dag_id=logidata_pipeline_dag, task_id=run_glue_pedidos_curated, execution_date=20260420T221610, start_date=20260420T221620, end_date=20260420T221849
[2026-04-20T22:18:49.966+0000] {local_task_job_runner.py:234} INFO - Task exited with return code 0
[2026-04-20T22:18:50.010+0000] {taskinstance.py:3280} INFO - 0 downstream tasks scheduled from follow-on schedule check
