[2026-04-20T20:27:38.583+0000] {taskinstance.py:1956} INFO - Dependencies all met for dep_context=non-requeueable deps ti=<TaskInstance: logidata_pipeline_dag.run_glue_sensores_curated manual__2026-04-20T20:25:56.271104+00:00 [queued]>
[2026-04-20T20:27:38.598+0000] {taskinstance.py:1956} INFO - Dependencies all met for dep_context=requeueable deps ti=<TaskInstance: logidata_pipeline_dag.run_glue_sensores_curated manual__2026-04-20T20:25:56.271104+00:00 [queued]>
[2026-04-20T20:27:38.598+0000] {taskinstance.py:2170} INFO - Starting attempt 1 of 1
[2026-04-20T20:27:38.636+0000] {taskinstance.py:2191} INFO - Executing <Task(PythonOperator): run_glue_sensores_curated> on 2026-04-20 20:25:56.271104+00:00
[2026-04-20T20:27:38.643+0000] {standard_task_runner.py:60} INFO - Started process 617 to run task
[2026-04-20T20:27:38.648+0000] {standard_task_runner.py:87} INFO - Running: ['airflow', 'tasks', 'run', 'logidata_pipeline_dag', 'run_glue_sensores_curated', 'manual__2026-04-20T20:25:56.271104+00:00', '--job-id', '25', '--raw', '--subdir', 'DAGS_FOLDER/logidata_pipeline_dag.py', '--cfg-path', '/tmp/tmpsuz0wq1v']
[2026-04-20T20:27:38.650+0000] {standard_task_runner.py:88} INFO - Job 25: Subtask run_glue_sensores_curated
[2026-04-20T20:27:38.721+0000] {task_command.py:423} INFO - Running <TaskInstance: logidata_pipeline_dag.run_glue_sensores_curated manual__2026-04-20T20:25:56.271104+00:00 [running]> on host 8ba55271cc99
[2026-04-20T20:27:38.834+0000] {taskinstance.py:2480} INFO - Exporting env vars: AIRFLOW_CTX_DAG_OWNER='airflow' AIRFLOW_CTX_DAG_ID='logidata_pipeline_dag' AIRFLOW_CTX_TASK_ID='run_glue_sensores_curated' AIRFLOW_CTX_EXECUTION_DATE='2026-04-20T20:25:56.271104+00:00' AIRFLOW_CTX_TRY_NUMBER='1' AIRFLOW_CTX_DAG_RUN_ID='manual__2026-04-20T20:25:56.271104+00:00'
[2026-04-20T20:27:38.860+0000] {credentials.py:1278} INFO - Found credentials in shared credentials file: /home/airflow/.aws/credentials
[2026-04-20T20:27:39.331+0000] {logging_mixin.py:188} INFO - Iniciado Glue job sensores-curated-job con run_id=jr_d5af09ec42e06562c9c0bcc8374db1bdb3abfc7ee28f62955e8594e1daa20b95
[2026-04-20T20:27:39.332+0000] {logging_mixin.py:188} INFO - Argumentos: {'--RAW_DB': 'logidata_raw', '--CURATED_BUCKET': 'ejrp-g01-curated-ejrp'}
[2026-04-20T20:27:39.449+0000] {logging_mixin.py:188} INFO - sensores-curated-job -> RUNNING
[2026-04-20T20:27:59.633+0000] {logging_mixin.py:188} INFO - sensores-curated-job -> RUNNING
[2026-04-20T20:28:20.693+0000] {logging_mixin.py:188} INFO - sensores-curated-job -> RUNNING
[2026-04-20T20:28:41.562+0000] {logging_mixin.py:188} INFO - sensores-curated-job -> RUNNING
[2026-04-20T20:29:01.713+0000] {logging_mixin.py:188} INFO - sensores-curated-job -> SUCCEEDED
[2026-04-20T20:29:01.718+0000] {python.py:201} INFO - Done. Returned value was: None
[2026-04-20T20:29:01.747+0000] {taskinstance.py:1138} INFO - Marking task as SUCCESS. dag_id=logidata_pipeline_dag, task_id=run_glue_sensores_curated, execution_date=20260420T202556, start_date=20260420T202738, end_date=20260420T202901
[2026-04-20T20:29:01.835+0000] {local_task_job_runner.py:234} INFO - Task exited with return code 0
[2026-04-20T20:29:01.915+0000] {taskinstance.py:3280} INFO - 0 downstream tasks scheduled from follow-on schedule check
