[2026-04-20T21:20:25.332+0000] {taskinstance.py:1956} INFO - Dependencies all met for dep_context=non-requeueable deps ti=<TaskInstance: logidata_pipeline_dag.run_glue_pedidos_curated manual__2026-04-20T21:20:14.535652+00:00 [queued]>
[2026-04-20T21:20:25.344+0000] {taskinstance.py:1956} INFO - Dependencies all met for dep_context=requeueable deps ti=<TaskInstance: logidata_pipeline_dag.run_glue_pedidos_curated manual__2026-04-20T21:20:14.535652+00:00 [queued]>
[2026-04-20T21:20:25.344+0000] {taskinstance.py:2170} INFO - Starting attempt 1 of 1
[2026-04-20T21:20:25.379+0000] {taskinstance.py:2191} INFO - Executing <Task(PythonOperator): run_glue_pedidos_curated> on 2026-04-20 21:20:14.535652+00:00
[2026-04-20T21:20:25.385+0000] {standard_task_runner.py:60} INFO - Started process 737 to run task
[2026-04-20T21:20:25.389+0000] {standard_task_runner.py:87} INFO - Running: ['airflow', 'tasks', 'run', 'logidata_pipeline_dag', 'run_glue_pedidos_curated', 'manual__2026-04-20T21:20:14.535652+00:00', '--job-id', '27', '--raw', '--subdir', 'DAGS_FOLDER/logidata_pipeline_dag.py', '--cfg-path', '/tmp/tmpopzhkjns']
[2026-04-20T21:20:25.391+0000] {standard_task_runner.py:88} INFO - Job 27: Subtask run_glue_pedidos_curated
[2026-04-20T21:20:25.519+0000] {task_command.py:423} INFO - Running <TaskInstance: logidata_pipeline_dag.run_glue_pedidos_curated manual__2026-04-20T21:20:14.535652+00:00 [running]> on host 8ba55271cc99
[2026-04-20T21:20:25.672+0000] {taskinstance.py:2480} INFO - Exporting env vars: AIRFLOW_CTX_DAG_OWNER='airflow' AIRFLOW_CTX_DAG_ID='logidata_pipeline_dag' AIRFLOW_CTX_TASK_ID='run_glue_pedidos_curated' AIRFLOW_CTX_EXECUTION_DATE='2026-04-20T21:20:14.535652+00:00' AIRFLOW_CTX_TRY_NUMBER='1' AIRFLOW_CTX_DAG_RUN_ID='manual__2026-04-20T21:20:14.535652+00:00'
[2026-04-20T21:20:25.703+0000] {credentials.py:1278} INFO - Found credentials in shared credentials file: /home/airflow/.aws/credentials
[2026-04-20T21:20:26.250+0000] {logging_mixin.py:188} INFO - Iniciado Glue job pedidos-curated-job con run_id=jr_f936f84f8500362519afc4b70e36651bb7ad95848ae2af57f2d6d3a72cdd99b5
[2026-04-20T21:20:26.252+0000] {logging_mixin.py:188} INFO - Argumentos: {'--RAW_DB': 'logidata_raw', '--CURATED_BUCKET': 'ejrp-g01-curated-ejrp', '--force_refresh': 'true'}
[2026-04-20T21:20:27.930+0000] {logging_mixin.py:188} INFO - pedidos-curated-job -> RUNNING
[2026-04-20T21:20:48.100+0000] {logging_mixin.py:188} INFO - pedidos-curated-job -> RUNNING
[2026-04-20T21:21:10.950+0000] {logging_mixin.py:188} INFO - pedidos-curated-job -> RUNNING
[2026-04-20T21:21:33.859+0000] {logging_mixin.py:188} INFO - pedidos-curated-job -> RUNNING
[2026-04-20T21:21:53.986+0000] {logging_mixin.py:188} INFO - pedidos-curated-job -> FAILED
[2026-04-20T21:21:54.029+0000] {taskinstance.py:2698} ERROR - Task failed with exception
Traceback (most recent call last):
  File "/home/airflow/.local/lib/python3.8/site-packages/airflow/models/taskinstance.py", line 433, in _execute_task
    result = execute_callable(context=context, **execute_callable_kwargs)
  File "/home/airflow/.local/lib/python3.8/site-packages/airflow/operators/python.py", line 199, in execute
    return_value = self.execute_callable()
  File "/home/airflow/.local/lib/python3.8/site-packages/airflow/operators/python.py", line 216, in execute_callable
    return self.python_callable(*self.op_args, **self.op_kwargs)
  File "/opt/airflow/dags/logidata_pipeline_dag.py", line 67, in run_glue_pedidos
    run_glue(
  File "/opt/airflow/dags/logidata_pipeline_dag.py", line 61, in run_glue
    raise AirflowException(f"{job_name} falló: {error_message}")
airflow.exceptions.AirflowException: pedidos-curated-job falló: AnalysisException: cannot resolve '(monto < 0)' due to data type mismatch: differing types in '(monto < 0)' (struct<double:double,string:string> and int).;
[2026-04-20T21:21:54.037+0000] {taskinstance.py:1138} INFO - Marking task as FAILED. dag_id=logidata_pipeline_dag, task_id=run_glue_pedidos_curated, execution_date=20260420T212014, start_date=20260420T212025, end_date=20260420T212154
[2026-04-20T21:21:54.089+0000] {standard_task_runner.py:107} ERROR - Failed to execute job 27 for task run_glue_pedidos_curated (pedidos-curated-job falló: AnalysisException: cannot resolve '(monto < 0)' due to data type mismatch: differing types in '(monto < 0)' (struct<double:double,string:string> and int).;; 737)
[2026-04-20T21:21:54.099+0000] {local_task_job_runner.py:234} INFO - Task exited with return code 1
[2026-04-20T21:21:54.131+0000] {taskinstance.py:3280} INFO - 0 downstream tasks scheduled from follow-on schedule check
