[2026-04-20T22:41:50.515+0000] {taskinstance.py:1956} INFO - Dependencies all met for dep_context=non-requeueable deps ti=<TaskInstance: logidata_pipeline_dag.run_glue_pedidos_curated manual__2026-04-20T22:41:41.756794+00:00 [queued]>
[2026-04-20T22:41:50.527+0000] {taskinstance.py:1956} INFO - Dependencies all met for dep_context=requeueable deps ti=<TaskInstance: logidata_pipeline_dag.run_glue_pedidos_curated manual__2026-04-20T22:41:41.756794+00:00 [queued]>
[2026-04-20T22:41:50.527+0000] {taskinstance.py:2170} INFO - Starting attempt 1 of 1
[2026-04-20T22:41:50.563+0000] {taskinstance.py:2191} INFO - Executing <Task(PythonOperator): run_glue_pedidos_curated> on 2026-04-20 22:41:41.756794+00:00
[2026-04-20T22:41:50.566+0000] {standard_task_runner.py:60} INFO - Started process 1103 to run task
[2026-04-20T22:41:50.570+0000] {standard_task_runner.py:87} INFO - Running: ['airflow', 'tasks', 'run', 'logidata_pipeline_dag', 'run_glue_pedidos_curated', 'manual__2026-04-20T22:41:41.756794+00:00', '--job-id', '52', '--raw', '--subdir', 'DAGS_FOLDER/logidata_pipeline_dag.py', '--cfg-path', '/tmp/tmp_2xr2rk0']
[2026-04-20T22:41:50.572+0000] {standard_task_runner.py:88} INFO - Job 52: Subtask run_glue_pedidos_curated
[2026-04-20T22:41:50.678+0000] {task_command.py:423} INFO - Running <TaskInstance: logidata_pipeline_dag.run_glue_pedidos_curated manual__2026-04-20T22:41:41.756794+00:00 [running]> on host 8ba55271cc99
[2026-04-20T22:41:50.782+0000] {taskinstance.py:2480} INFO - Exporting env vars: AIRFLOW_CTX_DAG_OWNER='airflow' AIRFLOW_CTX_DAG_ID='logidata_pipeline_dag' AIRFLOW_CTX_TASK_ID='run_glue_pedidos_curated' AIRFLOW_CTX_EXECUTION_DATE='2026-04-20T22:41:41.756794+00:00' AIRFLOW_CTX_TRY_NUMBER='1' AIRFLOW_CTX_DAG_RUN_ID='manual__2026-04-20T22:41:41.756794+00:00'
[2026-04-20T22:41:50.807+0000] {credentials.py:1278} INFO - Found credentials in shared credentials file: /home/airflow/.aws/credentials
[2026-04-20T22:41:51.336+0000] {logging_mixin.py:188} INFO - Iniciado Glue job pedidos-curated-job con run_id=jr_1fbbb91128253aeba1aeeeba2da96ab5acf1f8417fa757315c8ab29b9afe8832
[2026-04-20T22:41:51.337+0000] {logging_mixin.py:188} INFO - Argumentos: {'--RAW_DB': 'logidata_raw', '--CURATED_BUCKET': 'ejrp-g01-curated-ejrp', '--force_refresh': 'true'}
[2026-04-20T22:41:51.450+0000] {logging_mixin.py:188} INFO - pedidos-curated-job -> RUNNING
[2026-04-20T22:42:14.342+0000] {logging_mixin.py:188} INFO - pedidos-curated-job -> RUNNING
[2026-04-20T22:42:34.490+0000] {logging_mixin.py:188} INFO - pedidos-curated-job -> RUNNING
[2026-04-20T22:42:57.375+0000] {logging_mixin.py:188} INFO - pedidos-curated-job -> RUNNING
[2026-04-20T22:43:20.292+0000] {logging_mixin.py:188} INFO - pedidos-curated-job -> RUNNING
[2026-04-20T22:43:40.418+0000] {logging_mixin.py:188} INFO - pedidos-curated-job -> SUCCEEDED
[2026-04-20T22:43:40.426+0000] {python.py:201} INFO - Done. Returned value was: None
[2026-04-20T22:43:40.470+0000] {taskinstance.py:1138} INFO - Marking task as SUCCESS. dag_id=logidata_pipeline_dag, task_id=run_glue_pedidos_curated, execution_date=20260420T224141, start_date=20260420T224150, end_date=20260420T224340
[2026-04-20T22:43:40.539+0000] {local_task_job_runner.py:234} INFO - Task exited with return code 0
[2026-04-20T22:43:40.572+0000] {taskinstance.py:3280} INFO - 0 downstream tasks scheduled from follow-on schedule check
