[2026-04-20T19:05:23.931+0000] {taskinstance.py:1956} INFO - Dependencies all met for dep_context=non-requeueable deps ti=<TaskInstance: logidata_pipeline_dag.run_glue_sensores_curated manual__2026-04-20T18:59:53.321700+00:00 [queued]>
[2026-04-20T19:05:23.948+0000] {taskinstance.py:1956} INFO - Dependencies all met for dep_context=requeueable deps ti=<TaskInstance: logidata_pipeline_dag.run_glue_sensores_curated manual__2026-04-20T18:59:53.321700+00:00 [queued]>
[2026-04-20T19:05:23.948+0000] {taskinstance.py:2170} INFO - Starting attempt 1 of 1
[2026-04-20T19:05:24.004+0000] {taskinstance.py:2191} INFO - Executing <Task(PythonOperator): run_glue_sensores_curated> on 2026-04-20 18:59:53.321700+00:00
[2026-04-20T19:05:24.008+0000] {standard_task_runner.py:60} INFO - Started process 387 to run task
[2026-04-20T19:05:24.012+0000] {standard_task_runner.py:87} INFO - Running: ['airflow', 'tasks', 'run', 'logidata_pipeline_dag', 'run_glue_sensores_curated', 'manual__2026-04-20T18:59:53.321700+00:00', '--job-id', '17', '--raw', '--subdir', 'DAGS_FOLDER/logidata_pipeline_dag.py', '--cfg-path', '/tmp/tmpnd0o66l4']
[2026-04-20T19:05:24.015+0000] {standard_task_runner.py:88} INFO - Job 17: Subtask run_glue_sensores_curated
[2026-04-20T19:05:24.101+0000] {task_command.py:423} INFO - Running <TaskInstance: logidata_pipeline_dag.run_glue_sensores_curated manual__2026-04-20T18:59:53.321700+00:00 [running]> on host 8ba55271cc99
[2026-04-20T19:05:24.214+0000] {taskinstance.py:2480} INFO - Exporting env vars: AIRFLOW_CTX_DAG_OWNER='airflow' AIRFLOW_CTX_DAG_ID='logidata_pipeline_dag' AIRFLOW_CTX_TASK_ID='run_glue_sensores_curated' AIRFLOW_CTX_EXECUTION_DATE='2026-04-20T18:59:53.321700+00:00' AIRFLOW_CTX_TRY_NUMBER='1' AIRFLOW_CTX_DAG_RUN_ID='manual__2026-04-20T18:59:53.321700+00:00'
[2026-04-20T19:05:24.237+0000] {credentials.py:1278} INFO - Found credentials in shared credentials file: /home/airflow/.aws/credentials
[2026-04-20T19:05:24.819+0000] {logging_mixin.py:188} INFO - Iniciado Glue job sensores-curated-job con run_id=jr_f546166b2cc6a3d4c580936b375ed802483d4fee97d31d1d68d6da4927105379
[2026-04-20T19:05:24.820+0000] {logging_mixin.py:188} INFO - Argumentos: {'--RAW_DB': 'logidata_raw', '--CURATED_BUCKET': 'ejrp-g01-curated-ejrp'}
[2026-04-20T19:05:24.942+0000] {logging_mixin.py:188} INFO - sensores-curated-job -> RUNNING
[2026-04-20T19:05:47.824+0000] {logging_mixin.py:188} INFO - sensores-curated-job -> RUNNING
[2026-04-20T19:06:08.053+0000] {logging_mixin.py:188} INFO - sensores-curated-job -> RUNNING
[2026-04-20T19:06:30.981+0000] {logging_mixin.py:188} INFO - sensores-curated-job -> RUNNING
[2026-04-20T19:06:52.248+0000] {logging_mixin.py:188} INFO - sensores-curated-job -> SUCCEEDED
[2026-04-20T19:06:52.250+0000] {python.py:201} INFO - Done. Returned value was: None
[2026-04-20T19:06:52.263+0000] {taskinstance.py:1138} INFO - Marking task as SUCCESS. dag_id=logidata_pipeline_dag, task_id=run_glue_sensores_curated, execution_date=20260420T185953, start_date=20260420T190523, end_date=20260420T190652
[2026-04-20T19:06:52.347+0000] {local_task_job_runner.py:234} INFO - Task exited with return code 0
[2026-04-20T19:06:52.431+0000] {taskinstance.py:3280} INFO - 1 downstream tasks scheduled from follow-on schedule check
