[2026-04-20T22:11:03.169+0000] {taskinstance.py:1956} INFO - Dependencies all met for dep_context=non-requeueable deps ti=<TaskInstance: logidata_pipeline_dag.run_glue_sensores_curated manual__2026-04-20T22:09:04.731129+00:00 [queued]>
[2026-04-20T22:11:03.203+0000] {taskinstance.py:1956} INFO - Dependencies all met for dep_context=requeueable deps ti=<TaskInstance: logidata_pipeline_dag.run_glue_sensores_curated manual__2026-04-20T22:09:04.731129+00:00 [queued]>
[2026-04-20T22:11:03.204+0000] {taskinstance.py:2170} INFO - Starting attempt 1 of 1
[2026-04-20T22:11:03.316+0000] {taskinstance.py:2191} INFO - Executing <Task(PythonOperator): run_glue_sensores_curated> on 2026-04-20 22:09:04.731129+00:00
[2026-04-20T22:11:03.325+0000] {standard_task_runner.py:60} INFO - Started process 959 to run task
[2026-04-20T22:11:03.334+0000] {standard_task_runner.py:87} INFO - Running: ['airflow', 'tasks', 'run', 'logidata_pipeline_dag', 'run_glue_sensores_curated', 'manual__2026-04-20T22:09:04.731129+00:00', '--job-id', '42', '--raw', '--subdir', 'DAGS_FOLDER/logidata_pipeline_dag.py', '--cfg-path', '/tmp/tmp9_vsai0c']
[2026-04-20T22:11:03.339+0000] {standard_task_runner.py:88} INFO - Job 42: Subtask run_glue_sensores_curated
[2026-04-20T22:11:03.509+0000] {task_command.py:423} INFO - Running <TaskInstance: logidata_pipeline_dag.run_glue_sensores_curated manual__2026-04-20T22:09:04.731129+00:00 [running]> on host 8ba55271cc99
[2026-04-20T22:11:03.739+0000] {taskinstance.py:2480} INFO - Exporting env vars: AIRFLOW_CTX_DAG_OWNER='airflow' AIRFLOW_CTX_DAG_ID='logidata_pipeline_dag' AIRFLOW_CTX_TASK_ID='run_glue_sensores_curated' AIRFLOW_CTX_EXECUTION_DATE='2026-04-20T22:09:04.731129+00:00' AIRFLOW_CTX_TRY_NUMBER='1' AIRFLOW_CTX_DAG_RUN_ID='manual__2026-04-20T22:09:04.731129+00:00'
[2026-04-20T22:11:03.805+0000] {credentials.py:1278} INFO - Found credentials in shared credentials file: /home/airflow/.aws/credentials
[2026-04-20T22:11:04.414+0000] {logging_mixin.py:188} INFO - Iniciado Glue job sensores-curated-job con run_id=jr_66321818f4d239b0dece687c0b9d2ab6e21c6c11a86289f4c90c21e904271731
[2026-04-20T22:11:04.416+0000] {logging_mixin.py:188} INFO - Argumentos: {'--RAW_DB': 'logidata_raw', '--CURATED_BUCKET': 'ejrp-g01-curated-ejrp'}
[2026-04-20T22:11:04.541+0000] {logging_mixin.py:188} INFO - sensores-curated-job -> RUNNING
[2026-04-20T22:11:24.693+0000] {logging_mixin.py:188} INFO - sensores-curated-job -> RUNNING
[2026-04-20T22:11:47.579+0000] {logging_mixin.py:188} INFO - sensores-curated-job -> RUNNING
[2026-04-20T22:12:10.458+0000] {logging_mixin.py:188} INFO - sensores-curated-job -> RUNNING
[2026-04-20T22:12:30.601+0000] {logging_mixin.py:188} INFO - sensores-curated-job -> SUCCEEDED
[2026-04-20T22:12:30.603+0000] {python.py:201} INFO - Done. Returned value was: None
[2026-04-20T22:12:30.616+0000] {taskinstance.py:1138} INFO - Marking task as SUCCESS. dag_id=logidata_pipeline_dag, task_id=run_glue_sensores_curated, execution_date=20260420T220904, start_date=20260420T221103, end_date=20260420T221230
[2026-04-20T22:12:30.701+0000] {local_task_job_runner.py:234} INFO - Task exited with return code 0
[2026-04-20T22:12:30.745+0000] {taskinstance.py:3280} INFO - 0 downstream tasks scheduled from follow-on schedule check
