[2026-04-20T22:53:35.076+0000] {taskinstance.py:1956} INFO - Dependencies all met for dep_context=non-requeueable deps ti=<TaskInstance: logidata_pipeline_dag.run_athena_demo_queries manual__2026-04-20T22:41:41.756794+00:00 [queued]>
[2026-04-20T22:53:35.101+0000] {taskinstance.py:1956} INFO - Dependencies all met for dep_context=requeueable deps ti=<TaskInstance: logidata_pipeline_dag.run_athena_demo_queries manual__2026-04-20T22:41:41.756794+00:00 [queued]>
[2026-04-20T22:53:35.102+0000] {taskinstance.py:2170} INFO - Starting attempt 1 of 1
[2026-04-20T22:53:35.153+0000] {taskinstance.py:2191} INFO - Executing <Task(PythonOperator): run_athena_demo_queries> on 2026-04-20 22:41:41.756794+00:00
[2026-04-20T22:53:35.159+0000] {standard_task_runner.py:60} INFO - Started process 1159 to run task
[2026-04-20T22:53:35.162+0000] {standard_task_runner.py:87} INFO - Running: ['airflow', 'tasks', 'run', 'logidata_pipeline_dag', 'run_athena_demo_queries', 'manual__2026-04-20T22:41:41.756794+00:00', '--job-id', '57', '--raw', '--subdir', 'DAGS_FOLDER/logidata_pipeline_dag.py', '--cfg-path', '/tmp/tmpnro_bky3']
[2026-04-20T22:53:35.164+0000] {standard_task_runner.py:88} INFO - Job 57: Subtask run_athena_demo_queries
[2026-04-20T22:53:35.244+0000] {task_command.py:423} INFO - Running <TaskInstance: logidata_pipeline_dag.run_athena_demo_queries manual__2026-04-20T22:41:41.756794+00:00 [running]> on host 8ba55271cc99
[2026-04-20T22:53:35.408+0000] {taskinstance.py:2480} INFO - Exporting env vars: AIRFLOW_CTX_DAG_OWNER='airflow' AIRFLOW_CTX_DAG_ID='logidata_pipeline_dag' AIRFLOW_CTX_TASK_ID='run_athena_demo_queries' AIRFLOW_CTX_EXECUTION_DATE='2026-04-20T22:41:41.756794+00:00' AIRFLOW_CTX_TRY_NUMBER='1' AIRFLOW_CTX_DAG_RUN_ID='manual__2026-04-20T22:41:41.756794+00:00'
[2026-04-20T22:53:35.442+0000] {credentials.py:1278} INFO - Found credentials in shared credentials file: /home/airflow/.aws/credentials
[2026-04-20T22:53:35.824+0000] {logging_mixin.py:188} INFO - Athena QueryExecutionId: 562c3aea-3157-4b9c-864b-0ad95b417c71
[2026-04-20T22:53:35.826+0000] {logging_mixin.py:188} INFO - 
    SELECT estado, COUNT(*) AS cantidad
    FROM pedidos_curated
    GROUP BY estado
    ORDER BY cantidad DESC
    
[2026-04-20T22:53:35.913+0000] {logging_mixin.py:188} INFO - Athena state: QUEUED
[2026-04-20T22:53:46.002+0000] {logging_mixin.py:188} INFO - Athena state: SUCCEEDED
[2026-04-20T22:53:46.006+0000] {python.py:201} INFO - Done. Returned value was: None
[2026-04-20T22:53:46.027+0000] {taskinstance.py:1138} INFO - Marking task as SUCCESS. dag_id=logidata_pipeline_dag, task_id=run_athena_demo_queries, execution_date=20260420T224141, start_date=20260420T225335, end_date=20260420T225346
[2026-04-20T22:53:46.116+0000] {local_task_job_runner.py:234} INFO - Task exited with return code 0
[2026-04-20T22:53:46.176+0000] {taskinstance.py:3280} INFO - 1 downstream tasks scheduled from follow-on schedule check
